Archive member included to satisfy reference by file (symbol)

c:/ac6/systemworkbench/plugins/fr.ac6.mcu.externaltools.arm-none.win32_1.17.0.201812190825/tools/compiler/bin/../lib/gcc/arm-none-eabi/7.3.1/thumb/v7e-m/fpv4-sp/hard\libgcc.a(_aeabi_uldivmod.o)
                              Drivers/STM32L4xx_HAL_Driver/Src/stm32l4xx_hal_uart.o (__aeabi_uldivmod)
c:/ac6/systemworkbench/plugins/fr.ac6.mcu.externaltools.arm-none.win32_1.17.0.201812190825/tools/compiler/bin/../lib/gcc/arm-none-eabi/7.3.1/thumb/v7e-m/fpv4-sp/hard\libgcc.a(_udivmoddi4.o)
                              c:/ac6/systemworkbench/plugins/fr.ac6.mcu.externaltools.arm-none.win32_1.17.0.201812190825/tools/compiler/bin/../lib/gcc/arm-none-eabi/7.3.1/thumb/v7e-m/fpv4-sp/hard\libgcc.a(_aeabi_uldivmod.o) (__udivmoddi4)
c:/ac6/systemworkbench/plugins/fr.ac6.mcu.externaltools.arm-none.win32_1.17.0.201812190825/tools/compiler/bin/../lib/gcc/arm-none-eabi/7.3.1/thumb/v7e-m/fpv4-sp/hard\libgcc.a(_dvmd_tls.o)
                              c:/ac6/systemworkbench/plugins/fr.ac6.mcu.externaltools.arm-none.win32_1.17.0.201812190825/tools/compiler/bin/../lib/gcc/arm-none-eabi/7.3.1/thumb/v7e-m/fpv4-sp/hard\libgcc.a(_aeabi_uldivmod.o) (__aeabi_ldiv0)
c:/ac6/systemworkbench/plugins/fr.ac6.mcu.externaltools.arm-none.win32_1.17.0.201812190825/tools/compiler/bin/../lib/gcc/arm-none-eabi/7.3.1/../../../../arm-none-eabi/lib/thumb/v7e-m/fpv4-sp/hard\libc_nano.a(lib_a-errno.o)
                              Core/Src/syscalls.o (__errno)
c:/ac6/systemworkbench/plugins/fr.ac6.mcu.externaltools.arm-none.win32_1.17.0.201812190825/tools/compiler/bin/../lib/gcc/arm-none-eabi/7.3.1/../../../../arm-none-eabi/lib/thumb/v7e-m/fpv4-sp/hard\libc_nano.a(lib_a-exit.o)
                              c:/ac6/systemworkbench/plugins/fr.ac6.mcu.externaltools.arm-none.win32_1.17.0.201812190825/tools/compiler/bin/../lib/gcc/arm-none-eabi/7.3.1/../../../../arm-none-eabi/lib/thumb/v7e-m/fpv4-sp/hard/crt0.o (exit)
c:/ac6/systemworkbench/plugins/fr.ac6.mcu.externaltools.arm-none.win32_1.17.0.201812190825/tools/compiler/bin/../lib/gcc/arm-none-eabi/7.3.1/../../../../arm-none-eabi/lib/thumb/v7e-m/fpv4-sp/hard\libc_nano.a(lib_a-impure.o)
                              c:/ac6/systemworkbench/plugins/fr.ac6.mcu.externaltools.arm-none.win32_1.17.0.201812190825/tools/compiler/bin/../lib/gcc/arm-none-eabi/7.3.1/../../../../arm-none-eabi/lib/thumb/v7e-m/fpv4-sp/hard\libc_nano.a(lib_a-exit.o) (_global_impure_ptr)
c:/ac6/systemworkbench/plugins/fr.ac6.mcu.externaltools.arm-none.win32_1.17.0.201812190825/tools/compiler/bin/../lib/gcc/arm-none-eabi/7.3.1/../../../../arm-none-eabi/lib/thumb/v7e-m/fpv4-sp/hard\libc_nano.a(lib_a-init.o)
                              c:/ac6/systemworkbench/plugins/fr.ac6.mcu.externaltools.arm-none.win32_1.17.0.201812190825/tools/compiler/bin/../lib/gcc/arm-none-eabi/7.3.1/../../../../arm-none-eabi/lib/thumb/v7e-m/fpv4-sp/hard/crt0.o (__libc_init_array)
c:/ac6/systemworkbench/plugins/fr.ac6.mcu.externaltools.arm-none.win32_1.17.0.201812190825/tools/compiler/bin/../lib/gcc/arm-none-eabi/7.3.1/../../../../arm-none-eabi/lib/thumb/v7e-m/fpv4-sp/hard\libc_nano.a(lib_a-memset.o)
                              c:/ac6/systemworkbench/plugins/fr.ac6.mcu.externaltools.arm-none.win32_1.17.0.201812190825/tools/compiler/bin/../lib/gcc/arm-none-eabi/7.3.1/../../../../arm-none-eabi/lib/thumb/v7e-m/fpv4-sp/hard/crt0.o (memset)
c:/ac6/systemworkbench/plugins/fr.ac6.mcu.externaltools.arm-none.win32_1.17.0.201812190825/tools/compiler/bin/../lib/gcc/arm-none-eabi/7.3.1/../../../../arm-none-eabi/lib/thumb/v7e-m/fpv4-sp/hard\libc_nano.a(lib_a-sprintf.o)
                              Core/Src/main.o (sprintf)
c:/ac6/systemworkbench/plugins/fr.ac6.mcu.externaltools.arm-none.win32_1.17.0.201812190825/tools/compiler/bin/../lib/gcc/arm-none-eabi/7.3.1/../../../../arm-none-eabi/lib/thumb/v7e-m/fpv4-sp/hard\libc_nano.a(lib_a-nano-svfprintf.o)
                              c:/ac6/systemworkbench/plugins/fr.ac6.mcu.externaltools.arm-none.win32_1.17.0.201812190825/tools/compiler/bin/../lib/gcc/arm-none-eabi/7.3.1/../../../../arm-none-eabi/lib/thumb/v7e-m/fpv4-sp/hard\libc_nano.a(lib_a-sprintf.o) (_svfprintf_r)
c:/ac6/systemworkbench/plugins/fr.ac6.mcu.externaltools.arm-none.win32_1.17.0.201812190825/tools/compiler/bin/../lib/gcc/arm-none-eabi/7.3.1/../../../../arm-none-eabi/lib/thumb/v7e-m/fpv4-sp/hard\libc_nano.a(lib_a-nano-vfprintf_i.o)
                              c:/ac6/systemworkbench/plugins/fr.ac6.mcu.externaltools.arm-none.win32_1.17.0.201812190825/tools/compiler/bin/../lib/gcc/arm-none-eabi/7.3.1/../../../../arm-none-eabi/lib/thumb/v7e-m/fpv4-sp/hard\libc_nano.a(lib_a-nano-svfprintf.o) (_printf_i)
c:/ac6/systemworkbench/plugins/fr.ac6.mcu.externaltools.arm-none.win32_1.17.0.201812190825/tools/compiler/bin/../lib/gcc/arm-none-eabi/7.3.1/../../../../arm-none-eabi/lib/thumb/v7e-m/fpv4-sp/hard\libc_nano.a(lib_a-memchr.o)
[...]
Memory Configuration

Name             Origin             Length             Attributes
RAM              0x20000000         0x00018000         xrw
RAM2             0x10000000         0x00008000         xrw
FLASH            0x08000000         0x00100000         xr
*default*        0x00000000         0xffffffff

Linker script and memory map

LOAD c:/ac6/systemworkbench/plugins/fr.ac6.mcu.externaltools.arm-none.win32_1.17.0.201812190825/tools/compiler/bin/../lib/gcc/arm-none-eabi/7.3.1/thumb/v7e-m/fpv4-sp/hard/crti.o
LOAD c:/ac6/systemworkbench/plugins/fr.ac6.mcu.externaltools.arm-none.win32_1.17.0.201812190825/tools/compiler/bin/../lib/gcc/arm-none-eabi/7.3.1/thumb/v7e-m/fpv4-sp/hard/crtbegin.o
LOAD c:/ac6/systemworkbench/plugins/fr.ac6.mcu.externaltools.arm-none.win32_1.17.0.201812190825/tools/compiler/bin/../lib/gcc/arm-none-eabi/7.3.1/../../../../arm-none-eabi/lib/thumb/v7e-m/fpv4-sp/hard/crt0.o
LOAD Core/Src/GFX_FUNCTIONS.o
LOAD Core/Src/ST7735.o
LOAD Core/Src/accel.o
LOAD Core/Src/fonts.o
LOAD Core/Src/main.o
LOAD Core/Src/stm32l4xx_hal_msp.o
LOAD Core/Src/stm32l4xx_it.o
LOAD Core/Src/syscalls.o
LOAD Core/Src/system_stm32l4xx.o
LOAD Drivers/STM32L4xx_HAL_Driver/Src/stm32l4xx_hal.o
LOAD Drivers/STM32L4xx_HAL_Driver/Src/stm32l4xx_hal_cortex.o
LOAD Drivers/STM32L4xx_HAL_Driver/Src/stm32l4xx_hal_dma.o
LOAD Drivers/STM32L4xx_HAL_Driver/Src/stm32l4xx_hal_dma_ex.o
LOAD Drivers/STM32L4xx_HAL_Driver/Src/stm32l4xx_hal_exti.o
LOAD Drivers/STM32L4xx_HAL_Driver/Src/stm32l4xx_hal_flash.o
LOAD Drivers/STM32L4xx_HAL_Driver/Src/stm32l4xx_hal_flash_ex.o
LOAD Drivers/STM32L4xx_HAL_Driver/Src/stm32l4xx_hal_flash_ramfunc.o
LOAD Drivers/STM32L4xx_HAL_Driver/Src/stm32l4xx_hal_gpio.o
LOAD Drivers/STM32L4xx_HAL_Driver/Src/stm32l4xx_hal_i2c.o
LOAD Drivers/STM32L4xx_HAL_Driver/Src/stm32l4xx_hal_i2c_ex.o
LOAD Drivers/STM32L4xx_HAL_Driver/Src/stm32l4xx_hal_pwr.o
LOAD Drivers/STM32L4xx_HAL_Driver/Src/stm32l4xx_hal_pwr_ex.o
LOAD Drivers/STM32L4xx_HAL_Driver/Src/stm32l4xx_hal_rcc.o
LOAD Drivers/STM32L4xx_HAL_Driver/Src/stm32l4xx_hal_rcc_ex.o
LOAD Drivers/STM32L4xx_HAL_Driver/Src/stm32l4xx_hal_spi.o
LOAD Drivers/STM32L4xx_HAL_Driver/Src/stm32l4xx_hal_spi_ex.o
LOAD Drivers/STM32L4xx_HAL_Driver/Src/stm32l4xx_hal_tim.o
LOAD Drivers/STM32L4xx_HAL_Driver/Src/stm32l4xx_hal_tim_ex.o
LOAD Drivers/STM32L4xx_HAL_Driver/Src/stm32l4xx_hal_uart.o
LOAD Drivers/STM32L4xx_HAL_Driver/Src/stm32l4xx_hal_uart_ex.o
LOAD startup/startup_stm32l476xx.o
LOAD c:/ac6/systemworkbench/plugins/fr.ac6.mcu.externaltools.arm-none.win32_1.17.0.201812190825/tools/compiler/bin/../lib/gcc/arm-none-eabi/7.3.1/../../../../arm-none-eabi/lib/thumb/v7e-m/fpv4-sp/hard\libm.a
START GROUP
LOAD c:/ac6/systemworkbench/plugins/fr.ac6.mcu.externaltools.arm-none.win32_1.17.0.201812190825/tools/compiler/bin/../lib/gcc/arm-none-eabi/7.3.1/thumb/v7e-m/fpv4-sp/hard\libgcc.a
LOAD c:/ac6/systemworkbench/plugins/fr.ac6.mcu.externaltools.arm-none.win32_1.17.0.201812190825/tools/compiler/bin/../lib/gcc/arm-none-eabi/7.3.1/../../../../arm-none-eabi/lib/thumb/v7e-m/fpv4-sp/hard\libc_nano.a
END GROUP
START GROUP
LOAD c:/ac6/systemworkbench/plugins/fr.ac6.mcu.externaltools.arm-none.win32_1.17.0.201812190825/tools/compiler/bin/../lib/gcc/arm-none-eabi/7.3.1/thumb/v7e-m/fpv4-sp/hard\libgcc.a
LOAD c:/ac6/systemworkbench/plugins/fr.ac6.mcu.externaltools.arm-none.win32_1.17.0.201812190825/tools/compiler/bin/../lib/gcc/arm-none-eabi/7.3.1/../../../../arm-none-eabi/lib/thumb/v7e-m/fpv4-sp/hard\libc_nano.a
LOAD c:/ac6/systemworkbench/plugins/fr.ac6.mcu.externaltools.arm-none.win32_1.17.0.201812190825/tools/compiler/bin/../lib/gcc/arm-none-eabi/7.3.1/../../../../arm-none-eabi/lib/thumb/v7e-m/fpv4-sp/hard\libnosys.a
END GROUP
START GROUP
LOAD c:/ac6/systemworkbench/plugins/fr.ac6.mcu.externaltools.arm-none.win32_1.17.0.201812190825/tools/compiler/bin/../lib/gcc/arm-none-eabi/7.3.1/thumb/v7e-m/fpv4-sp/hard\libgcc.a
LOAD c:/ac6/systemworkbench/plugins/fr.ac6.mcu.externaltools.arm-none.win32_1.17.0.201812190825/tools/compiler/bin/../lib/gcc/arm-none-eabi/7.3.1/../../../../arm-none-eabi/lib/thumb/v7e-m/fpv4-sp/hard\libc_nano.a
LOAD c:/ac6/systemworkbench/plugins/fr.ac6.mcu.externaltools.arm-none.win32_1.17.0.201812190825/tools/compiler/bin/../lib/gcc/arm-none-eabi/7.3.1/../../../../arm-none-eabi/lib/thumb/v7e-m/fpv4-sp/hard\libnosys.a
END GROUP
LOAD c:/ac6/systemworkbench/plugins/fr.ac6.mcu.externaltools.arm-none.win32_1.17.0.201812190825/tools/compiler/bin/../lib/gcc/arm-none-eabi/7.3.1/thumb/v7e-m/fpv4-sp/hard/crtend.o
LOAD c:/ac6/systemworkbench/plugins/fr.ac6.mcu.externaltools.arm-none.win32_1.17.0.201812190825/tools/compiler/bin/../lib/gcc/arm-none-eabi/7.3.1/thumb/v7e-m/fpv4-sp/hard/crtn.o
                0x20018000                _estack = 0x20018000
                0x00000200                _Min_Heap_Size = 0x200
                0x00000400                _Min_Stack_Size = 0x400

.isr_vector     0x08000000      0x188
                0x08000000                . = ALIGN (0x8)
 *(.isr_vector)
 .isr_vector    0x08000000      0x188 startup/startup_stm32l476xx.o
                0x08000000                g_pfnVectors
                0x08000188                . = ALIGN (0x8)

.text           0x08000190     0x4718
                0x08000190                . = ALIGN (0x8)
 *(.text)
 .text          0x08000190       0x40 c:/ac6/systemworkbench/plugins/fr.ac6.mcu.externaltools.arm-none.win32_1.17.0.201812190825/tools/compiler/bin/../lib/gcc/arm-none-eabi/7.3.1/thumb/v7e-m/fpv4-sp/hard/crtbegin.o
 .text          0x080001d0       0x30 c:/ac6/systemworkbench/plugins/fr.ac6.mcu.externaltools.arm-none.win32_1.17.0.201812190825/tools/compiler/bin/../lib/gcc/arm-none-eabi/7.3.1/thumb/v7e-m/fpv4-sp/hard\libgcc.a(_aeabi_uldivmod.o)
                0x080001d0                __aeabi_uldivmod
 .text          0x08000200      0x2cc c:/ac6/systemworkbench/plugins/fr.ac6.mcu.externaltools.arm-none.win32_1.17.0.201812190825/tools/compiler/bin/../lib/gcc/arm-none-eabi/7.3.1/thumb/v7e-m/fpv4-sp/hard\libgcc.a(_udivmoddi4.o)
                0x08000200                __udivmoddi4
 .text          0x080004cc        0x4 c:/ac6/systemworkbench/plugins/fr.ac6.mcu.externaltools.arm-none.win32_1.17.0.201812190825/tools/compiler/bin/../lib/gcc/arm-none-eabi/7.3.1/thumb/v7e-m/fpv4-sp/hard\libgcc.a(_dvmd_tls.o)
                0x080004cc                __aeabi_idiv0
                0x080004cc                __aeabi_ldiv0
 .text          0x080004d0       0xa0 c:/ac6/systemworkbench/plugins/fr.ac6.mcu.externaltools.arm-none.win32_1.17.0.201812190825/tools/compiler/bin/../lib/gcc/arm-none-eabi/7.3.1/../../../../arm-none-eabi/lib/thumb/v7e-m/fpv4-sp/hard\libc_nano.a(lib_a-memchr.o)
                0x080004d0                memchr
 *(.text*)
 .text.drawPixel
                0x08000570        0xc Core/Src/GFX_FUNCTIONS.o
                0x08000570                drawPixel
 .text.fillRect
                0x0800057c       0x1a Core/Src/GFX_FUNCTIONS.o
                0x0800057c                fillRect
 .text.writePixel
                0x08000596        0x8 Core/Src/GFX_FUNCTIONS.o
                0x08000596                writePixel
 .text.drawCircle
                0x0800059e      0x134 Core/Src/GFX_FUNCTIONS.o
                0x0800059e                drawCircle
 *fill*         0x080006d2        0x2 
 .text.fillScreen
                0x080006d4       0x28 Core/Src/GFX_FUNCTIONS.o
                0x080006d4                fillScreen
 .text.ST7735_Select
                0x080006fc       0x14 Core/Src/ST7735.o
                0x080006fc                ST7735_Select
 .text.ST7735_Unselect
                0x08000710       0x14 Core/Src/ST7735.o
                0x08000710                ST7735_Unselect
 .text.ST7735_Reset
                0x08000724       0x24 Core/Src/ST7735.o
                0x08000724                ST7735_Reset
 .text.ST7735_WriteCommand
                0x08000748       0x30 Core/Src/ST7735.o
                0x08000748                ST7735_WriteCommand
 .text.ST7735_WriteData
                0x08000778       0x28 Core/Src/ST7735.o
                0x08000778                ST7735_WriteData
 .text.DisplayInit
                0x080007a0       0x4c Core/Src/ST7735.o
                0x080007a0                DisplayInit
 .text.ST7735_SetAddressWindow
                0x080007ec       0x68 Core/Src/ST7735.o
                0x080007ec                ST7735_SetAddressWindow
 .text.ST7735_SetRotation
                0x08000854       0xd8 Core/Src/ST7735.o
                0x08000854                ST7735_SetRotation
 .text.ST7735_Init
                0x0800092c       0x48 Core/Src/ST7735.o
                0x0800092c                ST7735_Init
 .text.ST7735_DrawPixel
                0x08000974       0x58 Core/Src/ST7735.o
                0x08000974                ST7735_DrawPixel
 .text.ST7735_FillRectangle
                0x080009cc       0xb0 Core/Src/ST7735.o
                0x080009cc                ST7735_FillRectangle
 .text.BNO055_Init_I2C
                0x08000a7c      0x164 Core/Src/accel.o
                0x08000a7c                BNO055_Init_I2C
 .text.GetAccelData
                0x08000be0       0x1e Core/Src/accel.o
                0x08000be0                GetAccelData
 *fill*         0x08000bfe        0x2 
 .text.MX_GPIO_Init
                0x08000c00       0xbc Core/Src/main.o
 .text.MX_DMA_Init
                0x08000cbc       0x44 Core/Src/main.o
 .text.collisionDetection
                0x08000d00      0x1cc Core/Src/main.o
                0x08000d00                collisionDetection
 .text.game     0x08000ecc      0x2ac Core/Src/main.o
                0x08000ecc                game
 .text.game_reset
                0x08001178       0x28 Core/Src/main.o
                0x08001178                game_reset
 .text.Error_Handler
                0x080011a0        0x4 Core/Src/main.o
                0x080011a0                Error_Handler
 .text.MX_I2C1_Init
                0x080011a4       0x50 Core/Src/main.o
 .text.MX_SPI1_Init
                0x080011f4       0x48 Core/Src/main.o
 .text.MX_USART2_UART_Init
                0x0800123c       0x38 Core/Src/main.o
 .text.SystemClock_Config
                0x08001274       0x7e Core/Src/main.o
                0x08001274                SystemClock_Config
 *fill*         0x080012f2        0x2 
 .text.main     0x080012f4      0x140 Core/Src/main.o
                0x080012f4                main
 .text.HAL_MspInit
                0x08001434       0x30 Core/Src/stm32l4xx_hal_msp.o
                0x08001434                HAL_MspInit
 .text.HAL_I2C_MspInit
                0x08001464       0xdc Core/Src/stm32l4xx_hal_msp.o
                0x08001464                HAL_I2C_MspInit
 .text.HAL_SPI_MspInit
                0x08001540       0x68 Core/Src/stm32l4xx_hal_msp.o
                0x08001540                HAL_SPI_MspInit
 .text.HAL_UART_MspInit
                0x080015a8       0x68 Core/Src/stm32l4xx_hal_msp.o
                0x080015a8                HAL_UART_MspInit
 .text.NMI_Handler
                0x08001610        0x2 Core/Src/stm32l4xx_it.o
                0x08001610                NMI_Handler
 .text.HardFault_Handler
                0x08001612        0x2 Core/Src/stm32l4xx_it.o
                0x08001612                HardFault_Handler
 .text.MemManage_Handler
                0x08001614        0x2 Core/Src/stm32l4xx_it.o
                0x08001614                MemManage_Handler
 .text.BusFault_Handler
                0x08001616        0x2 Core/Src/stm32l4xx_it.o
                0x08001616                BusFault_Handler
 .text.UsageFault_Handler
                0x08001618        0x2 Core/Src/stm32l4xx_it.o
                0x08001618                UsageFault_Handler
 .text.SVC_Handler
                0x0800161a        0x2 Core/Src/stm32l4xx_it.o
                0x0800161a                SVC_Handler
 .text.DebugMon_Handler
                0x0800161c        0x2 Core/Src/stm32l4xx_it.o
                0x0800161c                DebugMon_Handler
 .text.PendSV_Handler
                0x0800161e        0x2 Core/Src/stm32l4xx_it.o
                0x0800161e                PendSV_Handler
 .text.SysTick_Handler
                0x08001620        0x8 Core/Src/stm32l4xx_it.o
                0x08001620                SysTick_Handler
 .text.DMA1_Channel6_IRQHandler
                0x08001628       0x10 Core/Src/stm32l4xx_it.o
                0x08001628                DMA1_Channel6_IRQHandler
 .text.DMA1_Channel7_IRQHandler
                0x08001638       0x10 Core/Src/stm32l4xx_it.o
                0x08001638                DMA1_Channel7_IRQHandler
 .text._sbrk    0x08001648       0x3c Core/Src/syscalls.o
                0x08001648                _sbrk
 .text.SystemInit
                0x08001684       0x48 Core/Src/system_stm32l4xx.o
                0x08001684                SystemInit
 .text.HAL_InitTick
                0x080016cc       0x4c Drivers/STM32L4xx_HAL_Driver/Src/stm32l4xx_hal.o
                0x080016cc                HAL_InitTick
 .text.HAL_Init
                0x08001718       0x1e Drivers/STM32L4xx_HAL_Driver/Src/stm32l4xx_hal.o
                0x08001718                HAL_Init
 *fill*         0x08001736        0x2 
 .text.HAL_IncTick
                0x08001738       0x18 Drivers/STM32L4xx_HAL_Driver/Src/stm32l4xx_hal.o
                0x08001738                HAL_IncTick
 .text.HAL_GetTick
                0x08001750        0xc Drivers/STM32L4xx_HAL_Driver/Src/stm32l4xx_hal.o
                0x08001750                HAL_GetTick
 .text.HAL_Delay
                0x0800175c       0x28 Drivers/STM32L4xx_HAL_Driver/Src/stm32l4xx_hal.o
                0x0800175c                HAL_Delay
 .text.HAL_NVIC_SetPriorityGrouping
                0x08001784       0x24 Drivers/STM32L4xx_HAL_Driver/Src/stm32l4xx_hal_cortex.o
                0x08001784                HAL_NVIC_SetPriorityGrouping
 .text.HAL_NVIC_SetPriority
                0x080017a8       0x68 Drivers/STM32L4xx_HAL_Driver/Src/stm32l4xx_hal_cortex.o
                0x080017a8                HAL_NVIC_SetPriority
 .text.HAL_NVIC_EnableIRQ
                0x08001810       0x1c Drivers/STM32L4xx_HAL_Driver/Src/stm32l4xx_hal_cortex.o
                0x08001810                HAL_NVIC_EnableIRQ
 .text.HAL_SYSTICK_Config
                0x0800182c       0x2c Drivers/STM32L4xx_HAL_Driver/Src/stm32l4xx_hal_cortex.o
                0x0800182c                HAL_SYSTICK_Config
 .text.HAL_DMA_Init
                0x08001858       0xf8 Drivers/STM32L4xx_HAL_Driver/Src/stm32l4xx_hal_dma.o
                0x08001858                HAL_DMA_Init
 .text.HAL_DMA_IRQHandler
                0x08001950       0xc4 Drivers/STM32L4xx_HAL_Driver/Src/stm32l4xx_hal_dma.o
                0x08001950                HAL_DMA_IRQHandler
 .text.HAL_GPIO_Init
                0x08001a14      0x1c8 Drivers/STM32L4xx_HAL_Driver/Src/stm32l4xx_hal_gpio.o
                0x08001a14                HAL_GPIO_Init
 .text.HAL_GPIO_WritePin
                0x08001bdc        0xa Drivers/STM32L4xx_HAL_Driver/Src/stm32l4xx_hal_gpio.o
                0x08001bdc                HAL_GPIO_WritePin
 .text.I2C_Flush_TXDR
                0x08001be6       0x22 Drivers/STM32L4xx_HAL_Driver/Src/stm32l4xx_hal_i2c.o
 .text.I2C_TransferConfig
                0x08001c08       0x36 Drivers/STM32L4xx_HAL_Driver/Src/stm32l4xx_hal_i2c.o
 .text.I2C_IsAcknowledgeFailed
                0x08001c3e       0x90 Drivers/STM32L4xx_HAL_Driver/Src/stm32l4xx_hal_i2c.o
 .text.I2C_WaitOnTXISFlagUntilTimeout
                0x08001cce       0x56 Drivers/STM32L4xx_HAL_Driver/Src/stm32l4xx_hal_i2c.o
 .text.I2C_WaitOnFlagUntilTimeout
                0x08001d24       0x52 Drivers/STM32L4xx_HAL_Driver/Src/stm32l4xx_hal_i2c.o
 *fill*         0x08001d76        0x2 
 .text.I2C_RequestMemoryRead
                0x08001d78       0x70 Drivers/STM32L4xx_HAL_Driver/Src/stm32l4xx_hal_i2c.o
 .text.I2C_WaitOnSTOPFlagUntilTimeout
                0x08001de8       0x50 Drivers/STM32L4xx_HAL_Driver/Src/stm32l4xx_hal_i2c.o
 .text.HAL_I2C_Init
                0x08001e38       0xbc Drivers/STM32L4xx_HAL_Driver/Src/stm32l4xx_hal_i2c.o
                0x08001e38                HAL_I2C_Init
 .text.HAL_I2C_Master_Transmit
                0x08001ef4      0x17c Drivers/STM32L4xx_HAL_Driver/Src/stm32l4xx_hal_i2c.o
                0x08001ef4                HAL_I2C_Master_Transmit
 .text.HAL_I2C_Mem_Read
                0x08002070      0x1ac Drivers/STM32L4xx_HAL_Driver/Src/stm32l4xx_hal_i2c.o
                0x08002070                HAL_I2C_Mem_Read
 .text.HAL_I2CEx_ConfigAnalogFilter
                0x0800221c       0x5c Drivers/STM32L4xx_HAL_Driver/Src/stm32l4xx_hal_i2c_ex.o
                0x0800221c                HAL_I2CEx_ConfigAnalogFilter
 .text.HAL_I2CEx_ConfigDigitalFilter
                0x08002278       0x58 Drivers/STM32L4xx_HAL_Driver/Src/stm32l4xx_hal_i2c_ex.o
                0x08002278                HAL_I2CEx_ConfigDigitalFilter
 .text.HAL_PWREx_GetVoltageRange
                0x080022d0       0x10 Drivers/STM32L4xx_HAL_Driver/Src/stm32l4xx_hal_pwr_ex.o
                0x080022d0                HAL_PWREx_GetVoltageRange
 .text.HAL_PWREx_ControlVoltageScaling
                0x080022e0       0x90 Drivers/STM32L4xx_HAL_Driver/Src/stm32l4xx_hal_pwr_ex.o
                0x080022e0                HAL_PWREx_ControlVoltageScaling
 .text.RCC_SetFlashLatencyFromMSIRange
                0x08002370       0x90 Drivers/STM32L4xx_HAL_Driver/Src/stm32l4xx_hal_rcc.o
 .text.HAL_RCC_GetSysClockFreq
                0x08002400       0xb4 Drivers/STM32L4xx_HAL_Driver/Src/stm32l4xx_hal_rcc.o
                0x08002400                HAL_RCC_GetSysClockFreq
 .text.HAL_RCC_OscConfig
                0x080024b4      0x638 Drivers/STM32L4xx_HAL_Driver/Src/stm32l4xx_hal_rcc.o
                0x080024b4                HAL_RCC_OscConfig
 .text.HAL_RCC_ClockConfig
                0x08002aec      0x158 Drivers/STM32L4xx_HAL_Driver/Src/stm32l4xx_hal_rcc.o
                0x08002aec                HAL_RCC_ClockConfig
 .text.HAL_RCC_GetHCLKFreq
                0x08002c44        0xc Drivers/STM32L4xx_HAL_Driver/Src/stm32l4xx_hal_rcc.o
                0x08002c44                HAL_RCC_GetHCLKFreq
 .text.HAL_RCC_GetPCLK1Freq
                0x08002c50       0x24 Drivers/STM32L4xx_HAL_Driver/Src/stm32l4xx_hal_rcc.o
                0x08002c50                HAL_RCC_GetPCLK1Freq
 .text.HAL_RCC_GetPCLK2Freq
                0x08002c74       0x24 Drivers/STM32L4xx_HAL_Driver/Src/stm32l4xx_hal_rcc.o
                0x08002c74                HAL_RCC_GetPCLK2Freq
 .text.RCCEx_PLLSAI1_Config
                0x08002c98      0x170 Drivers/STM32L4xx_HAL_Driver/Src/stm32l4xx_hal_rcc_ex.o
 .text.RCCEx_PLLSAI2_Config
                0x08002e08      0x14c Drivers/STM32L4xx_HAL_Driver/Src/stm32l4xx_hal_rcc_ex.o
 .text.HAL_RCCEx_PeriphCLKConfig
                0x08002f54      0x450 Drivers/STM32L4xx_HAL_Driver/Src/stm32l4xx_hal_rcc_ex.o
                0x08002f54                HAL_RCCEx_PeriphCLKConfig
 .text.SPI_WaitFlagStateUntilTimeout
                0x080033a4       0xd0 Drivers/STM32L4xx_HAL_Driver/Src/stm32l4xx_hal_spi.o
 .text.SPI_WaitFifoStateUntilTimeout
                0x08003474       0xdc Drivers/STM32L4xx_HAL_Driver/Src/stm32l4xx_hal_spi.o
 .text.SPI_EndRxTxTransaction
                0x08003550       0x66 Drivers/STM32L4xx_HAL_Driver/Src/stm32l4xx_hal_spi.o
 .text.HAL_SPI_Init
                0x080035b6       0xde Drivers/STM32L4xx_HAL_Driver/Src/stm32l4xx_hal_spi.o
                0x080035b6                HAL_SPI_Init
 .text.HAL_SPI_Transmit
                0x08003694      0x1e6 Drivers/STM32L4xx_HAL_Driver/Src/stm32l4xx_hal_spi.o
                0x08003694                HAL_SPI_Transmit
 *fill*         0x0800387a        0x2 
 .text.UART_SetConfig
                0x0800387c      0x324 Drivers/STM32L4xx_HAL_Driver/Src/stm32l4xx_hal_uart.o
                0x0800387c                UART_SetConfig
 .text.UART_AdvFeatureConfig
                0x08003ba0       0xca Drivers/STM32L4xx_HAL_Driver/Src/stm32l4xx_hal_uart.o
                0x08003ba0                UART_AdvFeatureConfig
 .text.UART_WaitOnFlagUntilTimeout
                0x08003c6a       0x9c Drivers/STM32L4xx_HAL_Driver/Src/stm32l4xx_hal_uart.o
                0x08003c6a                UART_WaitOnFlagUntilTimeout
 .text.HAL_UART_Transmit
                0x08003d06       0xd8 Drivers/STM32L4xx_HAL_Driver/Src/stm32l4xx_hal_uart.o
                0x08003d06                HAL_UART_Transmit
 .text.HAL_UART_Receive
                0x08003dde      0x11e Drivers/STM32L4xx_HAL_Driver/Src/stm32l4xx_hal_uart.o
                0x08003dde                HAL_UART_Receive
 .text.UART_CheckIdleState
                0x08003efc       0x6c Drivers/STM32L4xx_HAL_Driver/Src/stm32l4xx_hal_uart.o
                0x08003efc                UART_CheckIdleState
 .text.HAL_UART_Init
                0x08003f68       0x62 Drivers/STM32L4xx_HAL_Driver/Src/stm32l4xx_hal_uart.o
                0x08003f68                HAL_UART_Init
 *fill*         0x08003fca        0x2 
 .text.Reset_Handler
                0x08003fcc       0x50 startup/startup_stm32l476xx.o
                0x08003fcc                Reset_Handler
 .text.Default_Handler
                0x0800401c        0x2 startup/startup_stm32l476xx.o
                0x0800401c                RTC_Alarm_IRQHandler
                0x0800401c                EXTI2_IRQHandler
                0x0800401c                TIM8_TRG_COM_IRQHandler
                0x0800401c                TIM8_CC_IRQHandler
                0x0800401c                TIM1_CC_IRQHandler
                0x0800401c                TSC_IRQHandler
                0x0800401c                TAMP_STAMP_IRQHandler
                0x0800401c                EXTI3_IRQHandler
                0x0800401c                LPTIM2_IRQHandler
                0x0800401c                DFSDM1_FLT1_IRQHandler
                0x0800401c                I2C3_ER_IRQHandler
                0x0800401c                DFSDM1_FLT2_IRQHandler
                0x0800401c                EXTI0_IRQHandler
                0x0800401c                I2C2_EV_IRQHandler
                0x0800401c                CAN1_RX0_IRQHandler
                0x0800401c                FPU_IRQHandler
                0x0800401c                TIM1_UP_TIM16_IRQHandler
                0x0800401c                ADC1_2_IRQHandler
                0x0800401c                SPI1_IRQHandler
                0x0800401c                TIM6_DAC_IRQHandler
                0x0800401c                TIM8_UP_IRQHandler
                0x0800401c                DMA2_Channel2_IRQHandler
                0x0800401c                DMA1_Channel4_IRQHandler
                0x0800401c                SAI2_IRQHandler
                0x0800401c                DFSDM1_FLT3_IRQHandler
                0x0800401c                USART3_IRQHandler
                0x0800401c                CAN1_RX1_IRQHandler
                0x0800401c                LCD_IRQHandler
                0x0800401c                UART5_IRQHandler
                0x0800401c                ADC3_IRQHandler
                0x0800401c                TIM4_IRQHandler
                0x0800401c                DMA2_Channel1_IRQHandler
                0x0800401c                QUADSPI_IRQHandler
                0x0800401c                I2C1_EV_IRQHandler
                0x0800401c                UART4_IRQHandler
                0x0800401c                DMA2_Channel4_IRQHandler
                0x0800401c                TIM3_IRQHandler
                0x0800401c                RCC_IRQHandler
                0x0800401c                DMA1_Channel1_IRQHandler
                0x0800401c                Default_Handler
                0x0800401c                DMA2_Channel7_IRQHandler
                0x0800401c                EXTI15_10_IRQHandler
                0x0800401c                TIM7_IRQHandler
                0x0800401c                SDMMC1_IRQHandler
                0x0800401c                TIM5_IRQHandler
                0x0800401c                I2C3_EV_IRQHandler
                0x0800401c                EXTI9_5_IRQHandler
                0x0800401c                RTC_WKUP_IRQHandler
                0x0800401c                PVD_PVM_IRQHandler
                0x0800401c                SPI2_IRQHandler
                0x0800401c                CAN1_TX_IRQHandler
                0x0800401c                DMA2_Channel5_IRQHandler
                0x0800401c                DMA1_Channel5_IRQHandler
                0x0800401c                EXTI4_IRQHandler
                0x0800401c                RNG_IRQHandler
                0x0800401c                TIM1_TRG_COM_TIM17_IRQHandler
                0x0800401c                DMA1_Channel3_IRQHandler
                0x0800401c                COMP_IRQHandler
                0x0800401c                WWDG_IRQHandler
                0x0800401c                LPUART1_IRQHandler
                0x0800401c                DMA2_Channel6_IRQHandler
                0x0800401c                TIM2_IRQHandler
                0x0800401c                EXTI1_IRQHandler
                0x0800401c                USART2_IRQHandler
                0x0800401c                DFSDM1_FLT0_IRQHandler
                0x0800401c                I2C2_ER_IRQHandler
                0x0800401c                DMA1_Channel2_IRQHandler
                0x0800401c                TIM8_BRK_IRQHandler
                0x0800401c                CAN1_SCE_IRQHandler
                0x0800401c                FLASH_IRQHandler
                0x0800401c                USART1_IRQHandler
                0x0800401c                OTG_FS_IRQHandler
                0x0800401c                SPI3_IRQHandler
                0x0800401c                I2C1_ER_IRQHandler
                0x0800401c                FMC_IRQHandler
                0x0800401c                SWPMI1_IRQHandler
                0x0800401c                LPTIM1_IRQHandler
                0x0800401c                SAI1_IRQHandler
                0x0800401c                DMA2_Channel3_IRQHandler
                0x0800401c                TIM1_BRK_TIM15_IRQHandler
 *fill*         0x0800401e        0x2 
 .text.__errno  0x08004020        0xc c:/ac6/systemworkbench/plugins/fr.ac6.mcu.externaltools.arm-none.win32_1.17.0.201812190825/tools/compiler/bin/../lib/gcc/arm-none-eabi/7.3.1/../../../../arm-none-eabi/lib/thumb/v7e-m/fpv4-sp/hard\libc_nano.a(lib_a-errno.o)
                0x08004020                __errno
 .text.__libc_init_array
                0x0800402c       0x48 c:/ac6/systemworkbench/plugins/fr.ac6.mcu.externaltools.arm-none.win32_1.17.0.201812190825/tools/compiler/bin/../lib/gcc/arm-none-eabi/7.3.1/../../../../arm-none-eabi/lib/thumb/v7e-m/fpv4-sp/hard\libc_nano.a(lib_a-init.o)
                0x0800402c                __libc_init_array
 .text.memset   0x08004074       0x10 c:/ac6/systemworkbench/plugins/fr.ac6.mcu.externaltools.arm-none.win32_1.17.0.201812190825/tools/compiler/bin/../lib/gcc/arm-none-eabi/7.3.1/../../../../arm-none-eabi/lib/thumb/v7e-m/fpv4-sp/hard\libc_nano.a(lib_a-memset.o)
                0x08004074                memset
 .text.sprintf  0x08004084       0x40 c:/ac6/systemworkbench/plugins/fr.ac6.mcu.externaltools.arm-none.win32_1.17.0.201812190825/tools/compiler/bin/../lib/gcc/arm-none-eabi/7.3.1/../../../../arm-none-eabi/lib/thumb/v7e-m/fpv4-sp/hard\libc_nano.a(lib_a-sprintf.o)
                0x08004084                siprintf
                0x08004084                sprintf
 .text.__ssputs_r
                0x080040c4       0xb4 c:/ac6/systemworkbench/plugins/fr.ac6.mcu.externaltools.arm-none.win32_1.17.0.201812190825/tools/compiler/bin/../lib/gcc/arm-none-eabi/7.3.1/../../../../arm-none-eabi/lib/thumb/v7e-m/fpv4-sp/hard\libc_nano.a(lib_a-nano-svfprintf.o)
                0x080040c4                __ssputs_r
 .text._svfprintf_r
                0x08004178      0x1f0 c:/ac6/systemworkbench/plugins/fr.ac6.mcu.externaltools.arm-none.win32_1.17.0.201812190825/tools/compiler/bin/../lib/gcc/arm-none-eabi/7.3.1/../../../../arm-none-eabi/lib/thumb/v7e-m/fpv4-sp/hard\libc_nano.a(lib_a-nano-svfprintf.o)
                0x08004178                _svfiprintf_r
                0x08004178                _svfprintf_r
 .text._printf_common
                0x08004368       0xea c:/ac6/systemworkbench/plugins/fr.ac6.mcu.externaltools.arm-none.win32_1.17.0.201812190825/tools/compiler/bin/../lib/gcc/arm-none-eabi/7.3.1/../../../../arm-none-eabi/lib/thumb/v7e-m/fpv4-sp/hard\libc_nano.a(lib_a-nano-vfprintf_i.o)
                0x08004368                _printf_common
 *fill*         0x08004452        0x2 
 .text._printf_i
                0x08004454      0x224 c:/ac6/systemworkbench/plugins/fr.ac6.mcu.externaltools.arm-none.win32_1.17.0.201812190825/tools/compiler/bin/../lib/gcc/arm-none-eabi/7.3.1/../../../../arm-none-eabi/lib/thumb/v7e-m/fpv4-sp/hard\libc_nano.a(lib_a-nano-vfprintf_i.o)
                0x08004454                _printf_i
 .text.memcpy   0x08004678       0x16 c:/ac6/systemworkbench/plugins/fr.ac6.mcu.externaltools.arm-none.win32_1.17.0.201812190825/tools/compiler/bin/../lib/gcc/arm-none-eabi/7.3.1/../../../../arm-none-eabi/lib/thumb/v7e-m/fpv4-sp/hard\libc_nano.a(lib_a-memcpy-stub.o)
                0x08004678                memcpy
 .text.memmove  0x0800468e       0x32 c:/ac6/systemworkbench/plugins/fr.ac6.mcu.externaltools.arm-none.win32_1.17.0.201812190825/tools/compiler/bin/../lib/gcc/arm-none-eabi/7.3.1/../../../../arm-none-eabi/lib/thumb/v7e-m/fpv4-sp/hard\libc_nano.a(lib_a-memmove.o)
                0x0800468e                memmove
 .text._free_r  0x080046c0       0x9c c:/ac6/systemworkbench/plugins/fr.ac6.mcu.externaltools.arm-none.win32_1.17.0.201812190825/tools/compiler/bin/../lib/gcc/arm-none-eabi/7.3.1/../../../../arm-none-eabi/lib/thumb/v7e-m/fpv4-sp/hard\libc_nano.a(lib_a-nano-freer.o)
                0x080046c0                _free_r
 .text._malloc_r
                0x0800475c       0xb4 c:/ac6/systemworkbench/plugins/fr.ac6.mcu.externaltools.arm-none.win32_1.17.0.201812190825/tools/compiler/bin/../lib/gcc/arm-none-eabi/7.3.1/../../../../arm-none-eabi/lib/thumb/v7e-m/fpv4-sp/hard\libc_nano.a(lib_a-nano-mallocr.o)
                0x0800475c                _malloc_r
 .text._realloc_r
                0x08004810       0x4c c:/ac6/systemworkbench/plugins/fr.ac6.mcu.externaltools.arm-none.win32_1.17.0.201812190825/tools/compiler/bin/../lib/gcc/arm-none-eabi/7.3.1/../../../../arm-none-eabi/lib/thumb/v7e-m/fpv4-sp/hard\libc_nano.a(lib_a-nano-reallocr.o)
                0x08004810                _realloc_r
 .text._sbrk_r  0x0800485c       0x20 c:/ac6/systemworkbench/plugins/fr.ac6.mcu.externaltools.arm-none.win32_1.17.0.201812190825/tools/compiler/bin/../lib/gcc/arm-none-eabi/7.3.1/../../../../arm-none-eabi/lib/thumb/v7e-m/fpv4-sp/hard\libc_nano.a(lib_a-sbrkr.o)
                0x0800485c                _sbrk_r
 .text.__malloc_lock
                0x0800487c        0x2 c:/ac6/systemworkbench/plugins/fr.ac6.mcu.externaltools.arm-none.win32_1.17.0.201812190825/tools/compiler/bin/../lib/gcc/arm-none-eabi/7.3.1/../../../../arm-none-eabi/lib/thumb/v7e-m/fpv4-sp/hard\libc_nano.a(lib_a-mlock.o)
                0x0800487c                __malloc_lock
 .text.__malloc_unlock
                0x0800487e        0x2 c:/ac6/systemworkbench/plugins/fr.ac6.mcu.externaltools.arm-none.win32_1.17.0.201812190825/tools/compiler/bin/../lib/gcc/arm-none-eabi/7.3.1/../../../../arm-none-eabi/lib/thumb/v7e-m/fpv4-sp/hard\libc_nano.a(lib_a-mlock.o)
                0x0800487e                __malloc_unlock
 .text._malloc_usable_size_r
                0x08004880       0x10 c:/ac6/systemworkbench/plugins/fr.ac6.mcu.externaltools.arm-none.win32_1.17.0.201812190825/tools/compiler/bin/../lib/gcc/arm-none-eabi/7.3.1/../../../../arm-none-eabi/lib/thumb/v7e-m/fpv4-sp/hard\libc_nano.a(lib_a-nano-msizer.o)
                0x08004880                _malloc_usable_size_r
 *(.glue_7)
 .glue_7        0x08004890        0x0 linker stubs
 *(.glue_7t)
 .glue_7t       0x08004890        0x0 linker stubs
 *(.eh_frame)
 .eh_frame      0x08004890        0x0 c:/ac6/systemworkbench/plugins/fr.ac6.mcu.externaltools.arm-none.win32_1.17.0.201812190825/tools/compiler/bin/../lib/gcc/arm-none-eabi/7.3.1/thumb/v7e-m/fpv4-sp/hard/crtbegin.o
 *(.init)
 .init          0x08004890        0x4 c:/ac6/systemworkbench/plugins/fr.ac6.mcu.externaltools.arm-none.win32_1.17.0.201812190825/tools/compiler/bin/../lib/gcc/arm-none-eabi/7.3.1/thumb/v7e-m/fpv4-sp/hard/crti.o
                0x08004890                _init
 .init          0x08004894        0x8 c:/ac6/systemworkbench/plugins/fr.ac6.mcu.externaltools.arm-none.win32_1.17.0.201812190825/tools/compiler/bin/../lib/gcc/arm-none-eabi/7.3.1/thumb/v7e-m/fpv4-sp/hard/crtn.o
 *(.fini)
 .fini          0x0800489c        0x4 c:/ac6/systemworkbench/plugins/fr.ac6.mcu.externaltools.arm-none.win32_1.17.0.201812190825/tools/compiler/bin/../lib/gcc/arm-none-eabi/7.3.1/thumb/v7e-m/fpv4-sp/hard/crti.o
                0x0800489c                _fini
 .fini          0x080048a0        0x8 c:/ac6/systemworkbench/plugins/fr.ac6.mcu.externaltools.arm-none.win32_1.17.0.201812190825/tools/compiler/bin/../lib/gcc/arm-none-eabi/7.3.1/thumb/v7e-m/fpv4-sp/hard/crtn.o
                0x080048a8                . = ALIGN (0x8)
                0x080048a8                _etext = .

.vfp11_veneer   0x080048a8        0x0
 .vfp11_veneer  0x080048a8        0x0 linker stubs

.v4_bx          0x080048a8        0x0
 .v4_bx         0x080048a8        0x0 linker stubs

.iplt           0x080048a8        0x0
 .iplt          0x080048a8        0x0 c:/ac6/systemworkbench/plugins/fr.ac6.mcu.externaltools.arm-none.win32_1.17.0.201812190825/tools/compiler/bin/../lib/gcc/arm-none-eabi/7.3.1/thumb/v7e-m/fpv4-sp/hard/crtbegin.o

.rodata         0x080048a8      0x108
                0x080048a8                . = ALIGN (0x8)
 *(.rodata)
 .rodata        0x080048a8       0x73 Core/Src/ST7735.o
                0x080048a8                init_cmds1
                0x080048e0                init_cmds2
                0x080048f0                init_cmds3
 *fill*         0x0800491b        0x1 
 .rodata        0x0800491c       0x11 Core/Src/accel.o
                0x08004920                reset_sensor
                0x08004924                read_calib
                0x08004928                read_devid
                0x0800492c                num_of_bytes_read
 *fill*         0x0800492d        0x3 
 .rodata        0x08004930       0x48 Core/Src/system_stm32l4xx.o
                0x08004930                MSIRangeTable
                0x08004960                AHBPrescTable
                0x08004970                APBPrescTable
 *(.rodata*)
 .rodata.str1.4
                0x08004978        0x4 Core/Src/main.o
 .rodata._svfprintf_r.str1.1
                0x0800497c       0x11 c:/ac6/systemworkbench/plugins/fr.ac6.mcu.externaltools.arm-none.win32_1.17.0.201812190825/tools/compiler/bin/../lib/gcc/arm-none-eabi/7.3.1/../../../../arm-none-eabi/lib/thumb/v7e-m/fpv4-sp/hard\libc_nano.a(lib_a-nano-svfprintf.o)
 .rodata._printf_i.str1.1
                0x0800498d       0x22 c:/ac6/systemworkbench/plugins/fr.ac6.mcu.externaltools.arm-none.win32_1.17.0.201812190825/tools/compiler/bin/../lib/gcc/arm-none-eabi/7.3.1/../../../../arm-none-eabi/lib/thumb/v7e-m/fpv4-sp/hard\libc_nano.a(lib_a-nano-vfprintf_i.o)
                0x080049b0                . = ALIGN (0x8)
 *fill*         0x080049af        0x1 

.ARM.extab      0x080049b0        0x0
                0x080049b0                . = ALIGN (0x8)
 *(.ARM.extab* .gnu.linkonce.armextab.*)
                0x080049b0                . = ALIGN (0x8)

.ARM            0x080049b0        0x8
                0x080049b0                . = ALIGN (0x8)
                0x080049b0                __exidx_start = .
 *(.ARM.exidx*)
 .ARM.exidx     0x080049b0        0x8 c:/ac6/systemworkbench/plugins/fr.ac6.mcu.externaltools.arm-none.win32_1.17.0.201812190825/tools/compiler/bin/../lib/gcc/arm-none-eabi/7.3.1/thumb/v7e-m/fpv4-sp/hard\libgcc.a(_udivmoddi4.o)
                0x080049b8                __exidx_end = .
                0x080049b8                . = ALIGN (0x8)

.rel.dyn        0x080049b8        0x0
 .rel.iplt      0x080049b8        0x0 c:/ac6/systemworkbench/plugins/fr.ac6.mcu.externaltools.arm-none.win32_1.17.0.201812190825/tools/compiler/bin/../lib/gcc/arm-none-eabi/7.3.1/thumb/v7e-m/fpv4-sp/hard/crtbegin.o

.preinit_array  0x080049b8        0x0
                0x080049b8                . = ALIGN (0x8)
                0x080049b8                PROVIDE (__preinit_array_start = .)
 *(.preinit_array*)
                0x080049b8                PROVIDE (__preinit_array_end = .)
                0x080049b8                . = ALIGN (0x8)

.init_array     0x080049b8        0x8
                0x080049b8                . = ALIGN (0x8)
                0x080049b8                PROVIDE (__init_array_start = .)
 *(SORT_BY_NAME(.init_array.*))
 *(.init_array*)
 .init_array    0x080049b8        0x4 c:/ac6/systemworkbench/plugins/fr.ac6.mcu.externaltools.arm-none.win32_1.17.0.201812190825/tools/compiler/bin/../lib/gcc/arm-none-eabi/7.3.1/thumb/v7e-m/fpv4-sp/hard/crtbegin.o
                0x080049bc                PROVIDE (__init_array_end = .)
                0x080049c0                . = ALIGN (0x8)
 *fill*         0x080049bc        0x4 

.fini_array     0x080049c0        0x8
                0x080049c0                . = ALIGN (0x8)
                [!provide]                PROVIDE (__fini_array_start = .)
 *(SORT_BY_NAME(.fini_array.*))
 *(.fini_array*)
 .fini_array    0x080049c0        0x4 c:/ac6/systemworkbench/plugins/fr.ac6.mcu.externaltools.arm-none.win32_1.17.0.201812190825/tools/compiler/bin/../lib/gcc/arm-none-eabi/7.3.1/thumb/v7e-m/fpv4-sp/hard/crtbegin.o
                [!provide]                PROVIDE (__fini_array_end = .)
                0x080049c8                . = ALIGN (0x8)
 *fill*         0x080049c4        0x4 
                0x080049c8                _sidata = LOADADDR (.data)

.data           0x20000000       0xc0 load address 0x080049c8
                0x20000000                . = ALIGN (0x8)
                0x20000000                _sdata = .
 *(.data)
 .data          0x20000000        0x9 Core/Src/accel.o
                0x20000000                Abw
                0x20000001                Ascale
                0x20000002                Gbw
                0x20000003                MOpMode
                0x20000004                Modr
                0x20000005                OPRMode
                0x20000008                get_readings
 *fill*         0x20000009        0x3 
 .data          0x2000000c       0x40 Core/Src/main.o
                0x2000000c                ball_x
                0x20000010                ball_radius
                0x20000014                brickWidth
                0x20000018                ball_y
                0x2000001c                brickHeight
                0x20000020                ball_x_speed
                0x20000024                ball_y_speed
                0x20000028                brickColumnCount
                0x2000002c                brickRowCount
                0x20000030                platform_x
                0x20000034                platform_height
                0x20000038                platform_width
                0x2000003c                platform_y
                0x20000040                brickPadding
                0x20000044                brickOffsetLeft
                0x20000048                brickOffsetTop
 .data          0x2000004c        0x4 Core/Src/system_stm32l4xx.o
                0x2000004c                SystemCoreClock
 .data          0x20000050        0x8 Drivers/STM32L4xx_HAL_Driver/Src/stm32l4xx_hal.o
                0x20000050                uwTickFreq
                0x20000054                uwTickPrio
 *(.data*)
 .data._impure_ptr
                0x20000058        0x4 c:/ac6/systemworkbench/plugins/fr.ac6.mcu.externaltools.arm-none.win32_1.17.0.201812190825/tools/compiler/bin/../lib/gcc/arm-none-eabi/7.3.1/../../../../arm-none-eabi/lib/thumb/v7e-m/fpv4-sp/hard\libc_nano.a(lib_a-impure.o)
                0x20000058                _impure_ptr
 .data.impure_data
                0x2000005c       0x60 c:/ac6/systemworkbench/plugins/fr.ac6.mcu.externaltools.arm-none.win32_1.17.0.201812190825/tools/compiler/bin/../lib/gcc/arm-none-eabi/7.3.1/../../../../arm-none-eabi/lib/thumb/v7e-m/fpv4-sp/hard\libc_nano.a(lib_a-impure.o)
                0x200000c0                . = ALIGN (0x8)
 *fill*         0x200000bc        0x4 
                0x200000c0                _edata = .

.igot.plt       0x200000c0        0x0 load address 0x08004a88
 .igot.plt      0x200000c0        0x0 c:/ac6/systemworkbench/plugins/fr.ac6.mcu.externaltools.arm-none.win32_1.17.0.201812190825/tools/compiler/bin/../lib/gcc/arm-none-eabi/7.3.1/thumb/v7e-m/fpv4-sp/hard/crtbegin.o
                0x200000c0                . = ALIGN (0x4)

.bss            0x200000c0      0xd30 load address 0x08004a88
                0x200000c0                _sbss = .
                0x200000c0                __bss_start__ = _sbss
 *(.bss)
 .bss           0x200000c0       0x1c c:/ac6/systemworkbench/plugins/fr.ac6.mcu.externaltools.arm-none.win32_1.17.0.201812190825/tools/compiler/bin/../lib/gcc/arm-none-eabi/7.3.1/thumb/v7e-m/fpv4-sp/hard/crtbegin.o
 .bss           0x200000dc        0xa Core/Src/accel.o
                0x200000dc                APwrMode
                0x200000dd                Gscale
                0x200000de                GPwrMode
                0x200000df                MPwrMode
                0x200000e0                PWRMode
                0x200000e1                cal_imu
                0x200000e2                cal_mag
                0x200000e3                cal_acc
                0x200000e4                cal_gyro
                0x200000e5                cal_sys
 *fill*         0x200000e6        0x2 
 .bss           0x200000e8       0x54 Core/Src/main.o
                0x200000e8                score
                0x200000ec                tmp1
                0x200000f0                tmp2
                0x200000f4                tmp3
                0x200000f8                tmp4
                0x200000fc                sprintbuff
 .bss           0x2000013c        0x8 Core/Src/syscalls.o
                0x20000140                __env
 *(.bss*)
 .bss.__malloc_free_list
                0x20000144        0x4 c:/ac6/systemworkbench/plugins/fr.ac6.mcu.externaltools.arm-none.win32_1.17.0.201812190825/tools/compiler/bin/../lib/gcc/arm-none-eabi/7.3.1/../../../../arm-none-eabi/lib/thumb/v7e-m/fpv4-sp/hard\libc_nano.a(lib_a-nano-mallocr.o)
                0x20000144                __malloc_free_list
 .bss.__malloc_sbrk_start
                0x20000148        0x4 c:/ac6/systemworkbench/plugins/fr.ac6.mcu.externaltools.arm-none.win32_1.17.0.201812190825/tools/compiler/bin/../lib/gcc/arm-none-eabi/7.3.1/../../../../arm-none-eabi/lib/thumb/v7e-m/fpv4-sp/hard\libc_nano.a(lib_a-nano-mallocr.o)
                0x20000148                __malloc_sbrk_start
 *(COMMON)
 COMMON         0x2000014c        0xe Core/Src/GFX_FUNCTIONS.o
                0x2000014c                _xstart
                0x2000014d                _colstart
                0x2000014e                cursor_y
                0x20000150                _ystart
                0x20000151                _rowstart
                0x20000152                rotation
                0x20000154                _width
                0x20000156                cursor_x
                0x20000158                _height
 *fill*         0x2000015a        0x2 
 COMMON         0x2000015c      0xc8c Core/Src/main.o
                0x2000015c                hdma_i2c1_tx
                0x200001a4                hi2c1
                0x200001f0                uartbuff
                0x20000230                Brick_Field
                0x20000cbc                hdma_i2c1_rx
                0x20000d04                hspi1
                0x20000d68                huart2
 COMMON         0x20000de8        0x4 Drivers/STM32L4xx_HAL_Driver/Src/stm32l4xx_hal.o
                0x20000de8                uwTick
 COMMON         0x20000dec        0x4 c:/ac6/systemworkbench/plugins/fr.ac6.mcu.externaltools.arm-none.win32_1.17.0.201812190825/tools/compiler/bin/../lib/gcc/arm-none-eabi/7.3.1/../../../../arm-none-eabi/lib/thumb/v7e-m/fpv4-sp/hard\libc_nano.a(lib_a-reent.o)
                0x20000dec                errno
                0x20000df0                . = ALIGN (0x4)
                0x20000df0                _ebss = .
                0x20000df0                __bss_end__ = _ebss

._user_heap_stack
                0x20000df0      0x600 load address 0x08004a88
                0x20000df0                . = ALIGN (0x8)
                0x20000df0                PROVIDE (end = .)
                [!provide]                PROVIDE (_end = .)
                0x20000ff0                . = (. + _Min_Heap_Size)
 *fill*         0x20000df0      0x200 
                0x200013f0                . = (. + _Min_Stack_Size)
 *fill*         0x20000ff0      0x400 
                0x200013f0                . = ALIGN (0x8)

/DISCARD/
 libc.a(*)
 libm.a(*)
 libgcc.a(*)

.ARM.attributes
                0x00000000       0x30
 *(.ARM.attributes)
 .ARM.attributes
                0x00000000       0x22 c:/ac6/systemworkbench/plugins/fr.ac6.mcu.externaltools.arm-none.win32_1.17.0.201812190825/tools/compiler/bin/../lib/gcc/arm-none-eabi/7.3.1/thumb/v7e-m/fpv4-sp/hard/crti.o
 .ARM.attributes
                0x00000022       0x34 c:/ac6/systemworkbench/plugins/fr.ac6.mcu.externaltools.arm-none.win32_1.17.0.201812190825/tools/compiler/bin/../lib/gcc/arm-none-eabi/7.3.1/thumb/v7e-m/fpv4-sp/hard/crtbegin.o
 .ARM.attributes
                0x00000056       0x39 Core/Src/GFX_FUNCTIONS.o
 .ARM.attributes
                0x0000008f       0x39 Core/Src/ST7735.o
 .ARM.attributes
                0x000000c8       0x39 Core/Src/accel.o
 .ARM.attributes
                0x00000101       0x39 Core/Src/main.o
 .ARM.attributes
                0x0000013a       0x39 Core/Src/stm32l4xx_hal_msp.o
 .ARM.attributes
                0x00000173       0x39 Core/Src/stm32l4xx_it.o
 .ARM.attributes
                0x000001ac       0x39 Core/Src/syscalls.o
 .ARM.attributes
                0x000001e5       0x39 Core/Src/system_stm32l4xx.o
 .ARM.attributes
                0x0000021e       0x39 Drivers/STM32L4xx_HAL_Driver/Src/stm32l4xx_hal.o
 .ARM.attributes
                0x00000257       0x39 Drivers/STM32L4xx_HAL_Driver/Src/stm32l4xx_hal_cortex.o
 .ARM.attributes
                0x00000290       0x39 Drivers/STM32L4xx_HAL_Driver/Src/stm32l4xx_hal_dma.o
 .ARM.attributes
                0x000002c9       0x39 Drivers/STM32L4xx_HAL_Driver/Src/stm32l4xx_hal_gpio.o
 .ARM.attributes
                0x00000302       0x39 Drivers/STM32L4xx_HAL_Driver/Src/stm32l4xx_hal_i2c.o
 .ARM.attributes
                0x0000033b       0x39 Drivers/STM32L4xx_HAL_Driver/Src/stm32l4xx_hal_i2c_ex.o
 .ARM.attributes
                0x00000374       0x39 Drivers/STM32L4xx_HAL_Driver/Src/stm32l4xx_hal_pwr_ex.o
 .ARM.attributes
                0x000003ad       0x39 Drivers/STM32L4xx_HAL_Driver/Src/stm32l4xx_hal_rcc.o
 .ARM.attributes
                0x000003e6       0x39 Drivers/STM32L4xx_HAL_Driver/Src/stm32l4xx_hal_rcc_ex.o
 .ARM.attributes
                0x0000041f       0x39 Drivers/STM32L4xx_HAL_Driver/Src/stm32l4xx_hal_spi.o
 .ARM.attributes
                0x00000458       0x39 Drivers/STM32L4xx_HAL_Driver/Src/stm32l4xx_hal_uart.o
 .ARM.attributes
                0x00000491       0x21 startup/startup_stm32l476xx.o
 .ARM.attributes
                0x000004b2       0x22 c:/ac6/systemworkbench/plugins/fr.ac6.mcu.externaltools.arm-none.win32_1.17.0.201812190825/tools/compiler/bin/../lib/gcc/arm-none-eabi/7.3.1/thumb/v7e-m/fpv4-sp/hard\libgcc.a(_aeabi_uldivmod.o)
 .ARM.attributes
                0x000004d4       0x34 c:/ac6/systemworkbench/plugins/fr.ac6.mcu.externaltools.arm-none.win32_1.17.0.201812190825/tools/compiler/bin/../lib/gcc/arm-none-eabi/7.3.1/thumb/v7e-m/fpv4-sp/hard\libgcc.a(_udivmoddi4.o)
 .ARM.attributes
                0x00000508       0x22 c:/ac6/systemworkbench/plugins/fr.ac6.mcu.externaltools.arm-none.win32_1.17.0.201812190825/tools/compiler/bin/../lib/gcc/arm-none-eabi/7.3.1/thumb/v7e-m/fpv4-sp/hard\libgcc.a(_dvmd_tls.o)
 .ARM.attributes
                0x0000052a       0x34 c:/ac6/systemworkbench/plugins/fr.ac6.mcu.externaltools.arm-none.win32_1.17.0.201812190825/tools/compiler/bin/../lib/gcc/arm-none-eabi/7.3.1/../../../../arm-none-eabi/lib/thumb/v7e-m/fpv4-sp/hard\libc_nano.a(lib_a-errno.o)
 .ARM.attributes
                0x0000055e       0x34 c:/ac6/systemworkbench/plugins/fr.ac6.mcu.externaltools.arm-none.win32_1.17.0.201812190825/tools/compiler/bin/../lib/gcc/arm-none-eabi/7.3.1/../../../../arm-none-eabi/lib/thumb/v7e-m/fpv4-sp/hard\libc_nano.a(lib_a-impure.o)
 .ARM.attributes
                0x00000592       0x34 c:/ac6/systemworkbench/plugins/fr.ac6.mcu.externaltools.arm-none.win32_1.17.0.201812190825/tools/compiler/bin/../lib/gcc/arm-none-eabi/7.3.1/../../../../arm-none-eabi/lib/thumb/v7e-m/fpv4-sp/hard\libc_nano.a(lib_a-init.o)
 .ARM.attributes
                0x000005c6       0x34 c:/ac6/systemworkbench/plugins/fr.ac6.mcu.externaltools.arm-none.win32_1.17.0.201812190825/tools/compiler/bin/../lib/gcc/arm-none-eabi/7.3.1/../../../../arm-none-eabi/lib/thumb/v7e-m/fpv4-sp/hard\libc_nano.a(lib_a-memset.o)
 .ARM.attributes
                0x000005fa       0x34 c:/ac6/systemworkbench/plugins/fr.ac6.mcu.externaltools.arm-none.win32_1.17.0.201812190825/tools/compiler/bin/../lib/gcc/arm-none-eabi/7.3.1/../../../../arm-none-eabi/lib/thumb/v7e-m/fpv4-sp/hard\libc_nano.a(lib_a-sprintf.o)
 .ARM.attributes
                0x0000062e       0x34 c:/ac6/systemworkbench/plugins/fr.ac6.mcu.externaltools.arm-none.win32_1.17.0.201812190825/tools/compiler/bin/../lib/gcc/arm-none-eabi/7.3.1/../../../../arm-none-eabi/lib/thumb/v7e-m/fpv4-sp/hard\libc_nano.a(lib_a-nano-svfprintf.o)
 .ARM.attributes
                0x00000662       0x34 c:/ac6/systemworkbench/plugins/fr.ac6.mcu.externaltools.arm-none.win32_1.17.0.201812190825/tools/compiler/bin/../lib/gcc/arm-none-eabi/7.3.1/../../../../arm-none-eabi/lib/thumb/v7e-m/fpv4-sp/hard\libc_nano.a(lib_a-nano-vfprintf_i.o)
 .ARM.attributes
                0x00000696       0x20 c:/ac6/systemworkbench/plugins/fr.ac6.mcu.externaltools.arm-none.win32_1.17.0.201812190825/tools/compiler/bin/../lib/gcc/arm-none-eabi/7.3.1/../../../../arm-none-eabi/lib/thumb/v7e-m/fpv4-sp/hard\libc_nano.a(lib_a-memchr.o)
 .ARM.attributes
                0x000006b6       0x34 c:/ac6/systemworkbench/plugins/fr.ac6.mcu.externaltools.arm-none.win32_1.17.0.201812190825/tools/compiler/bin/../lib/gcc/arm-none-eabi/7.3.1/../../../../arm-none-eabi/lib/thumb/v7e-m/fpv4-sp/hard\libc_nano.a(lib_a-memcpy-stub.o)
 .ARM.attributes
                0x000006ea       0x34 c:/ac6/systemworkbench/plugins/fr.ac6.mcu.externaltools.arm-none.win32_1.17.0.201812190825/tools/compiler/bin/../lib/gcc/arm-none-eabi/7.3.1/../../../../arm-none-eabi/lib/thumb/v7e-m/fpv4-sp/hard\libc_nano.a(lib_a-memmove.o)
 .ARM.attributes
                0x0000071e       0x34 c:/ac6/systemworkbench/plugins/fr.ac6.mcu.externaltools.arm-none.win32_1.17.0.201812190825/tools/compiler/bin/../lib/gcc/arm-none-eabi/7.3.1/../../../../arm-none-eabi/lib/thumb/v7e-m/fpv4-sp/hard\libc_nano.a(lib_a-nano-freer.o)
 .ARM.attributes
                0x00000752       0x34 c:/ac6/systemworkbench/plugins/fr.ac6.mcu.externaltools.arm-none.win32_1.17.0.201812190825/tools/compiler/bin/../lib/gcc/arm-none-eabi/7.3.1/../../../../arm-none-eabi/lib/thumb/v7e-m/fpv4-sp/hard\libc_nano.a(lib_a-nano-mallocr.o)
 .ARM.attributes
                0x00000786       0x34 c:/ac6/systemworkbench/plugins/fr.ac6.mcu.externaltools.arm-none.win32_1.17.0.201812190825/tools/compiler/bin/../lib/gcc/arm-none-eabi/7.3.1/../../../../arm-none-eabi/lib/thumb/v7e-m/fpv4-sp/hard\libc_nano.a(lib_a-nano-reallocr.o)
 .ARM.attributes
                0x000007ba       0x34 c:/ac6/systemworkbench/plugins/fr.ac6.mcu.externaltools.arm-none.win32_1.17.0.201812190825/tools/compiler/bin/../lib/gcc/arm-none-eabi/7.3.1/../../../../arm-none-eabi/lib/thumb/v7e-m/fpv4-sp/hard\libc_nano.a(lib_a-sbrkr.o)
 .ARM.attributes
                0x000007ee       0x34 c:/ac6/systemworkbench/plugins/fr.ac6.mcu.externaltools.arm-none.win32_1.17.0.201812190825/tools/compiler/bin/../lib/gcc/arm-none-eabi/7.3.1/../../../../arm-none-eabi/lib/thumb/v7e-m/fpv4-sp/hard\libc_nano.a(lib_a-mlock.o)
 .ARM.attributes
                0x00000822       0x34 c:/ac6/systemworkbench/plugins/fr.ac6.mcu.externaltools.arm-none.win32_1.17.0.201812190825/tools/compiler/bin/../lib/gcc/arm-none-eabi/7.3.1/../../../../arm-none-eabi/lib/thumb/v7e-m/fpv4-sp/hard\libc_nano.a(lib_a-nano-msizer.o)
 .ARM.attributes
                0x00000856       0x34 c:/ac6/systemworkbench/plugins/fr.ac6.mcu.externaltools.arm-none.win32_1.17.0.201812190825/tools/compiler/bin/../lib/gcc/arm-none-eabi/7.3.1/../../../../arm-none-eabi/lib/thumb/v7e-m/fpv4-sp/hard\libc_nano.a(lib_a-reent.o)
 .ARM.attributes
                0x0000088a       0x22 c:/ac6/systemworkbench/plugins/fr.ac6.mcu.externaltools.arm-none.win32_1.17.0.201812190825/tools/compiler/bin/../lib/gcc/arm-none-eabi/7.3.1/thumb/v7e-m/fpv4-sp/hard/crtn.o
OUTPUT(gameboy_mini_ver1.elf elf32-littlearm)

.debug_info     0x00000000    0x18de7
 .debug_info    0x00000000     0x2c14 Core/Src/GFX_FUNCTIONS.o
 .debug_info    0x00002c14     0x128a Core/Src/ST7735.o
 .debug_info    0x00003e9e     0x11a2 Core/Src/accel.o
 .debug_info    0x00005040     0x29b8 Core/Src/main.o
 .debug_info    0x000079f8     0x134d Core/Src/stm32l4xx_hal_msp.o
 .debug_info    0x00008d45      0x5b4 Core/Src/stm32l4xx_it.o
 .debug_info    0x000092f9      0xfd3 Core/Src/syscalls.o
 .debug_info    0x0000a2cc      0x72d Core/Src/system_stm32l4xx.o
 .debug_info    0x0000a9f9      0xce3 Drivers/STM32L4xx_HAL_Driver/Src/stm32l4xx_hal.o
 .debug_info    0x0000b6dc     0x10d1 Drivers/STM32L4xx_HAL_Driver/Src/stm32l4xx_hal_cortex.o
 .debug_info    0x0000c7ad      0x987 Drivers/STM32L4xx_HAL_Driver/Src/stm32l4xx_hal_dma.o
 .debug_info    0x0000d134      0x9ca Drivers/STM32L4xx_HAL_Driver/Src/stm32l4xx_hal_gpio.o
 .debug_info    0x0000dafe     0x3b4f Drivers/STM32L4xx_HAL_Driver/Src/stm32l4xx_hal_i2c.o
 .debug_info    0x0001164d      0xb7b Drivers/STM32L4xx_HAL_Driver/Src/stm32l4xx_hal_i2c_ex.o
 .debug_info    0x000121c8      0xbad Drivers/STM32L4xx_HAL_Driver/Src/stm32l4xx_hal_pwr_ex.o
 .debug_info    0x00012d75      0xf6d Drivers/STM32L4xx_HAL_Driver/Src/stm32l4xx_hal_rcc.o
 .debug_info    0x00013ce2     0x12d4 Drivers/STM32L4xx_HAL_Driver/Src/stm32l4xx_hal_rcc_ex.o
 .debug_info    0x00014fb6     0x1feb Drivers/STM32L4xx_HAL_Driver/Src/stm32l4xx_hal_spi.o
 .debug_info    0x00016fa1     0x1e24 Drivers/STM32L4xx_HAL_Driver/Src/stm32l4xx_hal_uart.o
 .debug_info    0x00018dc5       0x22 startup/startup_stm32l476xx.o

.debug_abbrev   0x00000000     0x2b11
 .debug_abbrev  0x00000000      0x343 Core/Src/GFX_FUNCTIONS.o
 .debug_abbrev  0x00000343      0x26d Core/Src/ST7735.o
 .debug_abbrev  0x000005b0      0x20d Core/Src/accel.o
 .debug_abbrev  0x000007bd      0x372 Core/Src/main.o
 .debug_abbrev  0x00000b2f      0x208 Core/Src/stm32l4xx_hal_msp.o
 .debug_abbrev  0x00000d37      0x167 Core/Src/stm32l4xx_it.o
 .debug_abbrev  0x00000e9e      0x2d4 Core/Src/syscalls.o
 .debug_abbrev  0x00001172      0x150 Core/Src/system_stm32l4xx.o
 .debug_abbrev  0x000012c2      0x209 Drivers/STM32L4xx_HAL_Driver/Src/stm32l4xx_hal.o
 .debug_abbrev  0x000014cb      0x328 Drivers/STM32L4xx_HAL_Driver/Src/stm32l4xx_hal_cortex.o
 .debug_abbrev  0x000017f3      0x233 Drivers/STM32L4xx_HAL_Driver/Src/stm32l4xx_hal_dma.o
 .debug_abbrev  0x00001a26      0x1de Drivers/STM32L4xx_HAL_Driver/Src/stm32l4xx_hal_gpio.o
 .debug_abbrev  0x00001c04      0x25d Drivers/STM32L4xx_HAL_Driver/Src/stm32l4xx_hal_i2c.o
 .debug_abbrev  0x00001e61      0x1b9 Drivers/STM32L4xx_HAL_Driver/Src/stm32l4xx_hal_i2c_ex.o
 .debug_abbrev  0x0000201a      0x1f5 Drivers/STM32L4xx_HAL_Driver/Src/stm32l4xx_hal_pwr_ex.o
 .debug_abbrev  0x0000220f      0x21f Drivers/STM32L4xx_HAL_Driver/Src/stm32l4xx_hal_rcc.o
 .debug_abbrev  0x0000242e      0x24c Drivers/STM32L4xx_HAL_Driver/Src/stm32l4xx_hal_rcc_ex.o
 .debug_abbrev  0x0000267a      0x238 Drivers/STM32L4xx_HAL_Driver/Src/stm32l4xx_hal_spi.o
 .debug_abbrev  0x000028b2      0x24d Drivers/STM32L4xx_HAL_Driver/Src/stm32l4xx_hal_uart.o
 .debug_abbrev  0x00002aff       0x12 startup/startup_stm32l476xx.o

.debug_loc      0x00000000     0xe1ca
 .debug_loc     0x00000000     0x17d4 Core/Src/GFX_FUNCTIONS.o
 .debug_loc     0x000017d4      0x63a Core/Src/ST7735.o
 .debug_loc     0x00001e0e      0x1a8 Core/Src/accel.o
 .debug_loc     0x00001fb6      0x184 Core/Src/main.o
 .debug_loc     0x0000213a      0x156 Core/Src/stm32l4xx_hal_msp.o
 .debug_loc     0x00002290      0x3af Core/Src/syscalls.o
 .debug_loc     0x0000263f      0x1b8 Core/Src/system_stm32l4xx.o
 .debug_loc     0x000027f7      0x20b Drivers/STM32L4xx_HAL_Driver/Src/stm32l4xx_hal.o
 .debug_loc     0x00002a02      0x5ce Drivers/STM32L4xx_HAL_Driver/Src/stm32l4xx_hal_cortex.o
 .debug_loc     0x00002fd0      0x7a2 Drivers/STM32L4xx_HAL_Driver/Src/stm32l4xx_hal_dma.o
 .debug_loc     0x00003772      0x2d3 Drivers/STM32L4xx_HAL_Driver/Src/stm32l4xx_hal_gpio.o
 .debug_loc     0x00003a45     0x4565 Drivers/STM32L4xx_HAL_Driver/Src/stm32l4xx_hal_i2c.o
 .debug_loc     0x00007faa      0x204 Drivers/STM32L4xx_HAL_Driver/Src/stm32l4xx_hal_i2c_ex.o
 .debug_loc     0x000081ae      0x99a Drivers/STM32L4xx_HAL_Driver/Src/stm32l4xx_hal_pwr_ex.o
 .debug_loc     0x00008b48      0x656 Drivers/STM32L4xx_HAL_Driver/Src/stm32l4xx_hal_rcc.o
 .debug_loc     0x0000919e     0x1c32 Drivers/STM32L4xx_HAL_Driver/Src/stm32l4xx_hal_rcc_ex.o
 .debug_loc     0x0000add0     0x1b50 Drivers/STM32L4xx_HAL_Driver/Src/stm32l4xx_hal_spi.o
 .debug_loc     0x0000c920     0x18aa Drivers/STM32L4xx_HAL_Driver/Src/stm32l4xx_hal_uart.o

.debug_aranges  0x00000000     0x1010
 .debug_aranges
                0x00000000      0x100 Core/Src/GFX_FUNCTIONS.o
 .debug_aranges
                0x00000100       0x90 Core/Src/ST7735.o
 .debug_aranges
                0x00000190       0x48 Core/Src/accel.o
 .debug_aranges
                0x000001d8       0x70 Core/Src/main.o
 .debug_aranges
                0x00000248       0x50 Core/Src/stm32l4xx_hal_msp.o
 .debug_aranges
                0x00000298       0x70 Core/Src/stm32l4xx_it.o
 .debug_aranges
                0x00000308       0xb0 Core/Src/syscalls.o
 .debug_aranges
                0x000003b8       0x28 Core/Src/system_stm32l4xx.o
 .debug_aranges
                0x000003e0      0x130 Drivers/STM32L4xx_HAL_Driver/Src/stm32l4xx_hal.o
 .debug_aranges
                0x00000510       0xa8 Drivers/STM32L4xx_HAL_Driver/Src/stm32l4xx_hal_cortex.o
 .debug_aranges
                0x000005b8       0x80 Drivers/STM32L4xx_HAL_Driver/Src/stm32l4xx_hal_dma.o
 .debug_aranges
                0x00000638       0x58 Drivers/STM32L4xx_HAL_Driver/Src/stm32l4xx_hal_gpio.o
 .debug_aranges
                0x00000690      0x290 Drivers/STM32L4xx_HAL_Driver/Src/stm32l4xx_hal_i2c.o
 .debug_aranges
                0x00000920       0x48 Drivers/STM32L4xx_HAL_Driver/Src/stm32l4xx_hal_i2c_ex.o
 .debug_aranges
                0x00000968      0x150 Drivers/STM32L4xx_HAL_Driver/Src/stm32l4xx_hal_pwr_ex.o
 .debug_aranges
                0x00000ab8       0x88 Drivers/STM32L4xx_HAL_Driver/Src/stm32l4xx_hal_rcc.o
 .debug_aranges
                0x00000b40       0xc0 Drivers/STM32L4xx_HAL_Driver/Src/stm32l4xx_hal_rcc_ex.o
 .debug_aranges
                0x00000c00      0x1d8 Drivers/STM32L4xx_HAL_Driver/Src/stm32l4xx_hal_spi.o
 .debug_aranges
                0x00000dd8      0x210 Drivers/STM32L4xx_HAL_Driver/Src/stm32l4xx_hal_uart.o
 .debug_aranges
                0x00000fe8       0x28 startup/startup_stm32l476xx.o

.debug_ranges   0x00000000      0xfe8
 .debug_ranges  0x00000000       0xf0 Core/Src/GFX_FUNCTIONS.o
 .debug_ranges  0x000000f0       0x98 Core/Src/ST7735.o
 .debug_ranges  0x00000188       0x38 Core/Src/accel.o
 .debug_ranges  0x000001c0       0xc0 Core/Src/main.o
 .debug_ranges  0x00000280       0x40 Core/Src/stm32l4xx_hal_msp.o
 .debug_ranges  0x000002c0       0x60 Core/Src/stm32l4xx_it.o
 .debug_ranges  0x00000320       0xa0 Core/Src/syscalls.o
 .debug_ranges  0x000003c0       0x18 Core/Src/system_stm32l4xx.o
 .debug_ranges  0x000003d8      0x120 Drivers/STM32L4xx_HAL_Driver/Src/stm32l4xx_hal.o
 .debug_ranges  0x000004f8       0xf8 Drivers/STM32L4xx_HAL_Driver/Src/stm32l4xx_hal_cortex.o
 .debug_ranges  0x000005f0       0x70 Drivers/STM32L4xx_HAL_Driver/Src/stm32l4xx_hal_dma.o
 .debug_ranges  0x00000660       0x48 Drivers/STM32L4xx_HAL_Driver/Src/stm32l4xx_hal_gpio.o
 .debug_ranges  0x000006a8      0x280 Drivers/STM32L4xx_HAL_Driver/Src/stm32l4xx_hal_i2c.o
 .debug_ranges  0x00000928       0x38 Drivers/STM32L4xx_HAL_Driver/Src/stm32l4xx_hal_i2c_ex.o
 .debug_ranges  0x00000960      0x140 Drivers/STM32L4xx_HAL_Driver/Src/stm32l4xx_hal_pwr_ex.o
 .debug_ranges  0x00000aa0       0x90 Drivers/STM32L4xx_HAL_Driver/Src/stm32l4xx_hal_rcc.o
 .debug_ranges  0x00000b30       0xd0 Drivers/STM32L4xx_HAL_Driver/Src/stm32l4xx_hal_rcc_ex.o
 .debug_ranges  0x00000c00      0x1c8 Drivers/STM32L4xx_HAL_Driver/Src/stm32l4xx_hal_spi.o
 .debug_ranges  0x00000dc8      0x200 Drivers/STM32L4xx_HAL_Driver/Src/stm32l4xx_hal_uart.o
 .debug_ranges  0x00000fc8       0x20 startup/startup_stm32l476xx.o

.debug_macro    0x00000000    0x27f62
 .debug_macro   0x00000000      0x2c7 Core/Src/GFX_FUNCTIONS.o
 .debug_macro   0x000002c7      0xa54 Core/Src/GFX_FUNCTIONS.o
 .debug_macro   0x00000d1b       0x22 Core/Src/GFX_FUNCTIONS.o
 .debug_macro   0x00000d3d       0x8e Core/Src/GFX_FUNCTIONS.o
 .debug_macro   0x00000dcb       0x51 Core/Src/GFX_FUNCTIONS.o
 .debug_macro   0x00000e1c       0xef Core/Src/GFX_FUNCTIONS.o
 .debug_macro   0x00000f0b       0x6a Core/Src/GFX_FUNCTIONS.o
 .debug_macro   0x00000f75      0x1df Core/Src/GFX_FUNCTIONS.o
 .debug_macro   0x00001154      0x1ad Core/Src/GFX_FUNCTIONS.o
 .debug_macro   0x00001301       0x2e Core/Src/GFX_FUNCTIONS.o
 .debug_macro   0x0000132f       0x28 Core/Src/GFX_FUNCTIONS.o
 .debug_macro   0x00001357       0x1c Core/Src/GFX_FUNCTIONS.o
 .debug_macro   0x00001373       0x22 Core/Src/GFX_FUNCTIONS.o
 .debug_macro   0x00001395      0x101 Core/Src/GFX_FUNCTIONS.o
 .debug_macro   0x00001496     0x1011 Core/Src/GFX_FUNCTIONS.o
 .debug_macro   0x000024a7      0x11f Core/Src/GFX_FUNCTIONS.o
 .debug_macro   0x000025c6    0x1a13d Core/Src/GFX_FUNCTIONS.o
 .debug_macro   0x0001c703       0x43 Core/Src/GFX_FUNCTIONS.o
 .debug_macro   0x0001c746     0x3890 Core/Src/GFX_FUNCTIONS.o
 .debug_macro   0x0001ffd6      0x174 Core/Src/GFX_FUNCTIONS.o
 .debug_macro   0x0002014a       0x5c Core/Src/GFX_FUNCTIONS.o
 .debug_macro   0x000201a6     0x155f Core/Src/GFX_FUNCTIONS.o
 .debug_macro   0x00021705      0x59e Core/Src/GFX_FUNCTIONS.o
 .debug_macro   0x00021ca3      0x13d Core/Src/GFX_FUNCTIONS.o
 .debug_macro   0x00021de0      0x18b Core/Src/GFX_FUNCTIONS.o
 .debug_macro   0x00021f6b      0x26b Core/Src/GFX_FUNCTIONS.o
 .debug_macro   0x000221d6      0x23d Core/Src/GFX_FUNCTIONS.o
 .debug_macro   0x00022413      0x241 Core/Src/GFX_FUNCTIONS.o
 .debug_macro   0x00022654      0x37c Core/Src/GFX_FUNCTIONS.o
 .debug_macro   0x000229d0       0xd6 Core/Src/GFX_FUNCTIONS.o
 .debug_macro   0x00022aa6      0x22c Core/Src/GFX_FUNCTIONS.o
 .debug_macro   0x00022cd2       0x61 Core/Src/GFX_FUNCTIONS.o
 .debug_macro   0x00022d33       0xa5 Core/Src/GFX_FUNCTIONS.o
 .debug_macro   0x00022dd8      0x122 Core/Src/GFX_FUNCTIONS.o
 .debug_macro   0x00022efa      0x3e9 Core/Src/GFX_FUNCTIONS.o
 .debug_macro   0x000232e3      0x2fe Core/Src/GFX_FUNCTIONS.o
 .debug_macro   0x000235e1      0x59e Core/Src/GFX_FUNCTIONS.o
 .debug_macro   0x00023b7f       0x44 Core/Src/GFX_FUNCTIONS.o
 .debug_macro   0x00023bc3      0x331 Core/Src/GFX_FUNCTIONS.o
 .debug_macro   0x00023ef4       0x22 Core/Src/GFX_FUNCTIONS.o
 .debug_macro   0x00023f16      0x184 Core/Src/GFX_FUNCTIONS.o
 .debug_macro   0x0002409a       0x18 Core/Src/GFX_FUNCTIONS.o
 .debug_macro   0x000240b2       0x5e Core/Src/GFX_FUNCTIONS.o
 .debug_macro   0x00024110       0x35 Core/Src/GFX_FUNCTIONS.o
 .debug_macro   0x00024145       0x34 Core/Src/GFX_FUNCTIONS.o
 .debug_macro   0x00024179       0x16 Core/Src/GFX_FUNCTIONS.o
 .debug_macro   0x0002418f       0x35 Core/Src/GFX_FUNCTIONS.o
 .debug_macro   0x000241c4       0x58 Core/Src/GFX_FUNCTIONS.o
 .debug_macro   0x0002421c       0x1f Core/Src/GFX_FUNCTIONS.o
 .debug_macro   0x0002423b       0x43 Core/Src/GFX_FUNCTIONS.o
 .debug_macro   0x0002427e       0x20 Core/Src/GFX_FUNCTIONS.o
 .debug_macro   0x0002429e      0x18e Core/Src/GFX_FUNCTIONS.o
 .debug_macro   0x0002442c      0x32a Core/Src/GFX_FUNCTIONS.o
 .debug_macro   0x00024756       0x16 Core/Src/GFX_FUNCTIONS.o
 .debug_macro   0x0002476c       0x29 Core/Src/GFX_FUNCTIONS.o
 .debug_macro   0x00024795      0x1fc Core/Src/ST7735.o
 .debug_macro   0x00024991      0x1f2 Core/Src/accel.o
 .debug_macro   0x00024b83      0x30e Core/Src/accel.o
 .debug_macro   0x00024e91       0x10 Core/Src/accel.o
 .debug_macro   0x00024ea1      0x39a Core/Src/main.o
 .debug_macro   0x0002523b       0x16 Core/Src/main.o
 .debug_macro   0x00025251       0x16 Core/Src/main.o
 .debug_macro   0x00025267       0x10 Core/Src/main.o
 .debug_macro   0x00025277       0x10 Core/Src/main.o
 .debug_macro   0x00025287       0x1c Core/Src/main.o
 .debug_macro   0x000252a3       0x52 Core/Src/main.o
 .debug_macro   0x000252f5       0x40 Core/Src/main.o
 .debug_macro   0x00025335       0x10 Core/Src/main.o
 .debug_macro   0x00025345       0x40 Core/Src/main.o
 .debug_macro   0x00025385       0xd7 Core/Src/main.o
 .debug_macro   0x0002545c       0x1c Core/Src/main.o
 .debug_macro   0x00025478       0x3d Core/Src/main.o
 .debug_macro   0x000254b5       0x16 Core/Src/main.o
 .debug_macro   0x000254cb      0x16f Core/Src/main.o
 .debug_macro   0x0002563a       0x16 Core/Src/main.o
 .debug_macro   0x00025650      0x1e4 Core/Src/stm32l4xx_hal_msp.o
 .debug_macro   0x00025834      0x1ee Core/Src/stm32l4xx_it.o
 .debug_macro   0x00025a22      0x243 Core/Src/syscalls.o
 .debug_macro   0x00025c65       0x58 Core/Src/syscalls.o
 .debug_macro   0x00025cbd       0x94 Core/Src/syscalls.o
 .debug_macro   0x00025d51       0x57 Core/Src/syscalls.o
 .debug_macro   0x00025da8      0x330 Core/Src/syscalls.o
 .debug_macro   0x000260d8       0x10 Core/Src/syscalls.o
 .debug_macro   0x000260e8       0x10 Core/Src/syscalls.o
 .debug_macro   0x000260f8       0x10 Core/Src/syscalls.o
 .debug_macro   0x00026108       0x35 Core/Src/syscalls.o
 .debug_macro   0x0002613d      0x122 Core/Src/syscalls.o
 .debug_macro   0x0002625f       0x10 Core/Src/syscalls.o
 .debug_macro   0x0002626f      0x241 Core/Src/syscalls.o
 .debug_macro   0x000264b0       0x1c Core/Src/syscalls.o
 .debug_macro   0x000264cc       0x10 Core/Src/syscalls.o
 .debug_macro   0x000264dc      0x189 Core/Src/syscalls.o
 .debug_macro   0x00026665       0x16 Core/Src/syscalls.o
 .debug_macro   0x0002667b       0x88 Core/Src/syscalls.o
 .debug_macro   0x00026703      0x1e0 Core/Src/system_stm32l4xx.o
 .debug_macro   0x000268e3      0x228 Drivers/STM32L4xx_HAL_Driver/Src/stm32l4xx_hal.o
 .debug_macro   0x00026b0b      0x1da Drivers/STM32L4xx_HAL_Driver/Src/stm32l4xx_hal_cortex.o
 .debug_macro   0x00026ce5      0x1da Drivers/STM32L4xx_HAL_Driver/Src/stm32l4xx_hal_dma.o
 .debug_macro   0x00026ebf      0x219 Drivers/STM32L4xx_HAL_Driver/Src/stm32l4xx_hal_gpio.o
 .debug_macro   0x000270d8      0x29f Drivers/STM32L4xx_HAL_Driver/Src/stm32l4xx_hal_i2c.o
 .debug_macro   0x00027377      0x1da Drivers/STM32L4xx_HAL_Driver/Src/stm32l4xx_hal_i2c_ex.o
 .debug_macro   0x00027551      0x1fe Drivers/STM32L4xx_HAL_Driver/Src/stm32l4xx_hal_pwr_ex.o
 .debug_macro   0x0002774f      0x21c Drivers/STM32L4xx_HAL_Driver/Src/stm32l4xx_hal_rcc.o
 .debug_macro   0x0002796b      0x210 Drivers/STM32L4xx_HAL_Driver/Src/stm32l4xx_hal_rcc_ex.o
 .debug_macro   0x00027b7b      0x1e2 Drivers/STM32L4xx_HAL_Driver/Src/stm32l4xx_hal_spi.o
 .debug_macro   0x00027d5d      0x205 Drivers/STM32L4xx_HAL_Driver/Src/stm32l4xx_hal_uart.o

.debug_line     0x00000000     0xd628
 .debug_line    0x00000000      0xc5b Core/Src/GFX_FUNCTIONS.o
 .debug_line    0x00000c5b      0x8f4 Core/Src/ST7735.o
 .debug_line    0x0000154f      0x782 Core/Src/accel.o
 .debug_line    0x00001cd1      0xb03 Core/Src/main.o
 .debug_line    0x000027d4      0x7c6 Core/Src/stm32l4xx_hal_msp.o
 .debug_line    0x00002f9a      0x7b2 Core/Src/stm32l4xx_it.o
 .debug_line    0x0000374c      0x5d6 Core/Src/syscalls.o
 .debug_line    0x00003d22      0x737 Core/Src/system_stm32l4xx.o
 .debug_line    0x00004459      0x9a0 Drivers/STM32L4xx_HAL_Driver/Src/stm32l4xx_hal.o
 .debug_line    0x00004df9      0x94f Drivers/STM32L4xx_HAL_Driver/Src/stm32l4xx_hal_cortex.o
 .debug_line    0x00005748      0x975 Drivers/STM32L4xx_HAL_Driver/Src/stm32l4xx_hal_dma.o
 .debug_line    0x000060bd      0x878 Drivers/STM32L4xx_HAL_Driver/Src/stm32l4xx_hal_gpio.o
 .debug_line    0x00006935     0x1ba0 Drivers/STM32L4xx_HAL_Driver/Src/stm32l4xx_hal_i2c.o
 .debug_line    0x000084d5      0x843 Drivers/STM32L4xx_HAL_Driver/Src/stm32l4xx_hal_i2c_ex.o
 .debug_line    0x00008d18      0xb73 Drivers/STM32L4xx_HAL_Driver/Src/stm32l4xx_hal_pwr_ex.o
 .debug_line    0x0000988b      0xaa9 Drivers/STM32L4xx_HAL_Driver/Src/stm32l4xx_hal_rcc.o
 .debug_line    0x0000a334      0xd1a Drivers/STM32L4xx_HAL_Driver/Src/stm32l4xx_hal_rcc_ex.o
 .debug_line    0x0000b04e     0x1267 Drivers/STM32L4xx_HAL_Driver/Src/stm32l4xx_hal_spi.o
 .debug_line    0x0000c2b5     0x12f3 Drivers/STM32L4xx_HAL_Driver/Src/stm32l4xx_hal_uart.o
 .debug_line    0x0000d5a8       0x80 startup/startup_stm32l476xx.o

.debug_str      0x00000000    0xeef2b
 .debug_str     0x00000000    0xe70d6 Core/Src/GFX_FUNCTIONS.o
                              0xe74b7 (size before relaxing)
 .debug_str     0x000e70d6      0x1d0 Core/Src/ST7735.o
                              0xe480a (size before relaxing)
 .debug_str     0x000e72a6     0x13e6 Core/Src/accel.o
                              0xe52d1 (size before relaxing)
 .debug_str     0x000e868c     0x2075 Core/Src/main.o
                              0xe96b0 (size before relaxing)
 .debug_str     0x000ea701       0xd0 Core/Src/stm32l4xx_hal_msp.o
                              0xe474d (size before relaxing)
 .debug_str     0x000ea7d1      0x10e Core/Src/stm32l4xx_it.o
                              0xe3f72 (size before relaxing)
 .debug_str     0x000ea8df     0x117a Core/Src/syscalls.o
                               0x85a6 (size before relaxing)
 .debug_str     0x000eba59       0xcd Core/Src/system_stm32l4xx.o
                              0xe3eb4 (size before relaxing)
 .debug_str     0x000ebb26      0x5b0 Drivers/STM32L4xx_HAL_Driver/Src/stm32l4xx_hal.o
                              0xe49dd (size before relaxing)
 .debug_str     0x000ec0d6      0x331 Drivers/STM32L4xx_HAL_Driver/Src/stm32l4xx_hal_cortex.o
                              0xe4708 (size before relaxing)
 .debug_str     0x000ec407      0x229 Drivers/STM32L4xx_HAL_Driver/Src/stm32l4xx_hal_dma.o
                              0xe4118 (size before relaxing)
 .debug_str     0x000ec630      0x206 Drivers/STM32L4xx_HAL_Driver/Src/stm32l4xx_hal_gpio.o
                              0xe4133 (size before relaxing)
 .debug_str     0x000ec836      0xcde Drivers/STM32L4xx_HAL_Driver/Src/stm32l4xx_hal_i2c.o
                              0xe5004 (size before relaxing)
 .debug_str     0x000ed514       0xb8 Drivers/STM32L4xx_HAL_Driver/Src/stm32l4xx_hal_i2c_ex.o
                              0xe43bd (size before relaxing)
 .debug_str     0x000ed5cc      0x4a8 Drivers/STM32L4xx_HAL_Driver/Src/stm32l4xx_hal_pwr_ex.o
                              0xe43e3 (size before relaxing)
 .debug_str     0x000eda74      0x384 Drivers/STM32L4xx_HAL_Driver/Src/stm32l4xx_hal_rcc.o
                              0xe44b7 (size before relaxing)
 .debug_str     0x000eddf8      0x3bf Drivers/STM32L4xx_HAL_Driver/Src/stm32l4xx_hal_rcc_ex.o
                              0xe4696 (size before relaxing)
 .debug_str     0x000ee1b7      0x553 Drivers/STM32L4xx_HAL_Driver/Src/stm32l4xx_hal_spi.o
                              0xe469c (size before relaxing)
 .debug_str     0x000ee70a      0x7f2 Drivers/STM32L4xx_HAL_Driver/Src/stm32l4xx_hal_uart.o
                              0xe4b14 (size before relaxing)
 .debug_str     0x000eeefc       0x2f startup/startup_stm32l476xx.o
                                 0x66 (size before relaxing)

.comment        0x00000000       0x7f
 .comment       0x00000000       0x7f Core/Src/GFX_FUNCTIONS.o
                                 0x80 (size before relaxing)
 .comment       0x0000007f       0x80 Core/Src/ST7735.o
 .comment       0x0000007f       0x80 Core/Src/accel.o
 .comment       0x0000007f       0x80 Core/Src/main.o
 .comment       0x0000007f       0x80 Core/Src/stm32l4xx_hal_msp.o
 .comment       0x0000007f       0x80 Core/Src/stm32l4xx_it.o
 .comment       0x0000007f       0x80 Core/Src/syscalls.o
 .comment       0x0000007f       0x80 Core/Src/system_stm32l4xx.o
 .comment       0x0000007f       0x80 Drivers/STM32L4xx_HAL_Driver/Src/stm32l4xx_hal.o
 .comment       0x0000007f       0x80 Drivers/STM32L4xx_HAL_Driver/Src/stm32l4xx_hal_cortex.o
 .comment       0x0000007f       0x80 Drivers/STM32L4xx_HAL_Driver/Src/stm32l4xx_hal_dma.o
 .comment       0x0000007f       0x80 Drivers/STM32L4xx_HAL_Driver/Src/stm32l4xx_hal_gpio.o
 .comment       0x0000007f       0x80 Drivers/STM32L4xx_HAL_Driver/Src/stm32l4xx_hal_i2c.o
 .comment       0x0000007f       0x80 Drivers/STM32L4xx_HAL_Driver/Src/stm32l4xx_hal_i2c_ex.o
 .comment       0x0000007f       0x80 Drivers/STM32L4xx_HAL_Driver/Src/stm32l4xx_hal_pwr_ex.o
 .comment       0x0000007f       0x80 Drivers/STM32L4xx_HAL_Driver/Src/stm32l4xx_hal_rcc.o
 .comment       0x0000007f       0x80 Drivers/STM32L4xx_HAL_Driver/Src/stm32l4xx_hal_rcc_ex.o
 .comment       0x0000007f       0x80 Drivers/STM32L4xx_HAL_Driver/Src/stm32l4xx_hal_spi.o
 .comment       0x0000007f       0x80 Drivers/STM32L4xx_HAL_Driver/Src/stm32l4xx_hal_uart.o

.debug_frame    0x00000000     0x3134
 .debug_frame   0x00000000      0x448 Core/Src/GFX_FUNCTIONS.o
 .debug_frame   0x00000448      0x208 Core/Src/ST7735.o
 .debug_frame   0x00000650       0xcc Core/Src/accel.o
 .debug_frame   0x0000071c      0x150 Core/Src/main.o
 .debug_frame   0x0000086c       0xd8 Core/Src/stm32l4xx_hal_msp.o
 .debug_frame   0x00000944       0xd8 Core/Src/stm32l4xx_it.o
 .debug_frame   0x00000a1c      0x1a8 Core/Src/syscalls.o
 .debug_frame   0x00000bc4       0x30 Core/Src/system_stm32l4xx.o
 .debug_frame   0x00000bf4      0x274 Drivers/STM32L4xx_HAL_Driver/Src/stm32l4xx_hal.o
 .debug_frame   0x00000e68      0x15c Drivers/STM32L4xx_HAL_Driver/Src/stm32l4xx_hal_cortex.o
 .debug_frame   0x00000fc4      0x16c Drivers/STM32L4xx_HAL_Driver/Src/stm32l4xx_hal_dma.o
 .debug_frame   0x00001130       0xd0 Drivers/STM32L4xx_HAL_Driver/Src/stm32l4xx_hal_gpio.o
 .debug_frame   0x00001200      0x928 Drivers/STM32L4xx_HAL_Driver/Src/stm32l4xx_hal_i2c.o
 .debug_frame   0x00001b28       0x80 Drivers/STM32L4xx_HAL_Driver/Src/stm32l4xx_hal_i2c_ex.o
 .debug_frame   0x00001ba8      0x298 Drivers/STM32L4xx_HAL_Driver/Src/stm32l4xx_hal_pwr_ex.o
 .debug_frame   0x00001e40      0x18c Drivers/STM32L4xx_HAL_Driver/Src/stm32l4xx_hal_rcc.o
 .debug_frame   0x00001fcc      0x204 Drivers/STM32L4xx_HAL_Driver/Src/stm32l4xx_hal_rcc_ex.o
 .debug_frame   0x000021d0      0x5c8 Drivers/STM32L4xx_HAL_Driver/Src/stm32l4xx_hal_spi.o
 .debug_frame   0x00002798      0x5ac Drivers/STM32L4xx_HAL_Driver/Src/stm32l4xx_hal_uart.o
 .debug_frame   0x00002d44       0x2c c:/ac6/systemworkbench/plugins/fr.ac6.mcu.externaltools.arm-none.win32_1.17.0.201812190825/tools/compiler/bin/../lib/gcc/arm-none-eabi/7.3.1/thumb/v7e-m/fpv4-sp/hard\libgcc.a(_aeabi_uldivmod.o)
 .debug_frame   0x00002d70       0x34 c:/ac6/systemworkbench/plugins/fr.ac6.mcu.externaltools.arm-none.win32_1.17.0.201812190825/tools/compiler/bin/../lib/gcc/arm-none-eabi/7.3.1/thumb/v7e-m/fpv4-sp/hard\libgcc.a(_udivmoddi4.o)
 .debug_frame   0x00002da4       0x20 c:/ac6/systemworkbench/plugins/fr.ac6.mcu.externaltools.arm-none.win32_1.17.0.201812190825/tools/compiler/bin/../lib/gcc/arm-none-eabi/7.3.1/../../../../arm-none-eabi/lib/thumb/v7e-m/fpv4-sp/hard\libc_nano.a(lib_a-errno.o)
 .debug_frame   0x00002dc4       0x2c c:/ac6/systemworkbench/plugins/fr.ac6.mcu.externaltools.arm-none.win32_1.17.0.201812190825/tools/compiler/bin/../lib/gcc/arm-none-eabi/7.3.1/../../../../arm-none-eabi/lib/thumb/v7e-m/fpv4-sp/hard\libc_nano.a(lib_a-init.o)
 .debug_frame   0x00002df0       0x20 c:/ac6/systemworkbench/plugins/fr.ac6.mcu.externaltools.arm-none.win32_1.17.0.201812190825/tools/compiler/bin/../lib/gcc/arm-none-eabi/7.3.1/../../../../arm-none-eabi/lib/thumb/v7e-m/fpv4-sp/hard\libc_nano.a(lib_a-memset.o)
 .debug_frame   0x00002e10       0x6c c:/ac6/systemworkbench/plugins/fr.ac6.mcu.externaltools.arm-none.win32_1.17.0.201812190825/tools/compiler/bin/../lib/gcc/arm-none-eabi/7.3.1/../../../../arm-none-eabi/lib/thumb/v7e-m/fpv4-sp/hard\libc_nano.a(lib_a-sprintf.o)
 .debug_frame   0x00002e7c       0x90 c:/ac6/systemworkbench/plugins/fr.ac6.mcu.externaltools.arm-none.win32_1.17.0.201812190825/tools/compiler/bin/../lib/gcc/arm-none-eabi/7.3.1/../../../../arm-none-eabi/lib/thumb/v7e-m/fpv4-sp/hard\libc_nano.a(lib_a-nano-svfprintf.o)
 .debug_frame   0x00002f0c       0x60 c:/ac6/systemworkbench/plugins/fr.ac6.mcu.externaltools.arm-none.win32_1.17.0.201812190825/tools/compiler/bin/../lib/gcc/arm-none-eabi/7.3.1/../../../../arm-none-eabi/lib/thumb/v7e-m/fpv4-sp/hard\libc_nano.a(lib_a-nano-vfprintf_i.o)
 .debug_frame   0x00002f6c       0x28 c:/ac6/systemworkbench/plugins/fr.ac6.mcu.externaltools.arm-none.win32_1.17.0.201812190825/tools/compiler/bin/../lib/gcc/arm-none-eabi/7.3.1/../../../../arm-none-eabi/lib/thumb/v7e-m/fpv4-sp/hard\libc_nano.a(lib_a-memcpy-stub.o)
 .debug_frame   0x00002f94       0x28 c:/ac6/systemworkbench/plugins/fr.ac6.mcu.externaltools.arm-none.win32_1.17.0.201812190825/tools/compiler/bin/../lib/gcc/arm-none-eabi/7.3.1/../../../../arm-none-eabi/lib/thumb/v7e-m/fpv4-sp/hard\libc_nano.a(lib_a-memmove.o)
 .debug_frame   0x00002fbc       0x38 c:/ac6/systemworkbench/plugins/fr.ac6.mcu.externaltools.arm-none.win32_1.17.0.201812190825/tools/compiler/bin/../lib/gcc/arm-none-eabi/7.3.1/../../../../arm-none-eabi/lib/thumb/v7e-m/fpv4-sp/hard\libc_nano.a(lib_a-nano-freer.o)
 .debug_frame   0x00002ff4       0x2c c:/ac6/systemworkbench/plugins/fr.ac6.mcu.externaltools.arm-none.win32_1.17.0.201812190825/tools/compiler/bin/../lib/gcc/arm-none-eabi/7.3.1/../../../../arm-none-eabi/lib/thumb/v7e-m/fpv4-sp/hard\libc_nano.a(lib_a-nano-mallocr.o)
 .debug_frame   0x00003020       0x3c c:/ac6/systemworkbench/plugins/fr.ac6.mcu.externaltools.arm-none.win32_1.17.0.201812190825/tools/compiler/bin/../lib/gcc/arm-none-eabi/7.3.1/../../../../arm-none-eabi/lib/thumb/v7e-m/fpv4-sp/hard\libc_nano.a(lib_a-nano-reallocr.o)
 .debug_frame   0x0000305c       0x2c c:/ac6/systemworkbench/plugins/fr.ac6.mcu.externaltools.arm-none.win32_1.17.0.201812190825/tools/compiler/bin/../lib/gcc/arm-none-eabi/7.3.1/../../../../arm-none-eabi/lib/thumb/v7e-m/fpv4-sp/hard\libc_nano.a(lib_a-sbrkr.o)
 .debug_frame   0x00003088       0x30 c:/ac6/systemworkbench/plugins/fr.ac6.mcu.externaltools.arm-none.win32_1.17.0.201812190825/tools/compiler/bin/../lib/gcc/arm-none-eabi/7.3.1/../../../../arm-none-eabi/lib/thumb/v7e-m/fpv4-sp/hard\libc_nano.a(lib_a-mlock.o)
 .debug_frame   0x000030b8       0x20 c:/ac6/systemworkbench/plugins/fr.ac6.mcu.externaltools.arm-none.win32_1.17.0.201812190825/tools/compiler/bin/../lib/gcc/arm-none-eabi/7.3.1/../../../../arm-none-eabi/lib/thumb/v7e-m/fpv4-sp/hard\libc_nano.a(lib_a-nano-msizer.o)
 .debug_frame   0x000030d8       0x5c c:/ac6/systemworkbench/plugins/fr.ac6.mcu.externaltools.arm-none.win32_1.17.0.201812190825/tools/compiler/bin/../lib/gcc/arm-none-eabi/7.3.1/../../../../arm-none-eabi/lib/thumb/v7e-m/fpv4-sp/hard\libc_nano.a(lib_a-reent.o)
